Archive member included to satisfy reference by file (symbol)

c:/stm32toolchain/gcc-arm/bin/../lib/gcc/arm-none-eabi/7.2.1/thumb/v7-m\libgcc.a(unwind-arm.o)
                              ./system/src/newlib/_cxx.o (__aeabi_unwind_cpp_pr1)
c:/stm32toolchain/gcc-arm/bin/../lib/gcc/arm-none-eabi/7.2.1/thumb/v7-m\libgcc.a(libunwind.o)
                              c:/stm32toolchain/gcc-arm/bin/../lib/gcc/arm-none-eabi/7.2.1/thumb/v7-m\libgcc.a(unwind-arm.o) (restore_core_regs)
c:/stm32toolchain/gcc-arm/bin/../lib/gcc/arm-none-eabi/7.2.1/thumb/v7-m\libgcc.a(pr-support.o)
                              c:/stm32toolchain/gcc-arm/bin/../lib/gcc/arm-none-eabi/7.2.1/thumb/v7-m\libgcc.a(unwind-arm.o) (__gnu_unwind_execute)
c:/stm32toolchain/gcc-arm/bin/../lib/gcc/arm-none-eabi/7.2.1/../../../../arm-none-eabi/lib/thumb/v7-m\libg_nano.a(lib_a-errno.o)
                              ./system/src/newlib/_sbrk.o (__errno)
c:/stm32toolchain/gcc-arm/bin/../lib/gcc/arm-none-eabi/7.2.1/../../../../arm-none-eabi/lib/thumb/v7-m\libg_nano.a(lib_a-impure.o)
                              c:/stm32toolchain/gcc-arm/bin/../lib/gcc/arm-none-eabi/7.2.1/../../../../arm-none-eabi/lib/thumb/v7-m\libg_nano.a(lib_a-errno.o) (_impure_ptr)
c:/stm32toolchain/gcc-arm/bin/../lib/gcc/arm-none-eabi/7.2.1/../../../../arm-none-eabi/lib/thumb/v7-m\libg_nano.a(lib_a-init.o)
                              ./system/src/cmsis/startup_stm32f103xb.o (__libc_init_array)
c:/stm32toolchain/gcc-arm/bin/../lib/gcc/arm-none-eabi/7.2.1/../../../../arm-none-eabi/lib/thumb/v7-m\libg_nano.a(lib_a-memcpy-stub.o)
                              c:/stm32toolchain/gcc-arm/bin/../lib/gcc/arm-none-eabi/7.2.1/thumb/v7-m\libgcc.a(unwind-arm.o) (memcpy)
c:/stm32toolchain/gcc-arm/bin/../lib/gcc/arm-none-eabi/7.2.1/../../../../arm-none-eabi/lib/thumb/v7-m\libg_nano.a(lib_a-strlen.o)
                              ./system/src/diag/Trace.o (strlen)
c:/stm32toolchain/gcc-arm/bin/../lib/gcc/arm-none-eabi/7.2.1/../../../../arm-none-eabi/lib/thumb/v7-m\libg_nano.a(lib_a-vsnprintf.o)
                              ./system/src/diag/Trace.o (vsnprintf)
c:/stm32toolchain/gcc-arm/bin/../lib/gcc/arm-none-eabi/7.2.1/../../../../arm-none-eabi/lib/thumb/v7-m\libg_nano.a(lib_a-nano-svfprintf.o)
                              c:/stm32toolchain/gcc-arm/bin/../lib/gcc/arm-none-eabi/7.2.1/../../../../arm-none-eabi/lib/thumb/v7-m\libg_nano.a(lib_a-vsnprintf.o) (_svfprintf_r)
c:/stm32toolchain/gcc-arm/bin/../lib/gcc/arm-none-eabi/7.2.1/../../../../arm-none-eabi/lib/thumb/v7-m\libg_nano.a(lib_a-nano-vfprintf_i.o)
                              c:/stm32toolchain/gcc-arm/bin/../lib/gcc/arm-none-eabi/7.2.1/../../../../arm-none-eabi/lib/thumb/v7-m\libg_nano.a(lib_a-nano-svfprintf.o) (_printf_i)
c:/stm32toolchain/gcc-arm/bin/../lib/gcc/arm-none-eabi/7.2.1/../../../../arm-none-eabi/lib/thumb/v7-m\libg_nano.a(lib_a-memchr-stub.o)
                              c:/stm32toolchain/gcc-arm/bin/../lib/gcc/arm-none-eabi/7.2.1/../../../../arm-none-eabi/lib/thumb/v7-m\libg_nano.a(lib_a-nano-svfprintf.o) (memchr)
c:/stm32toolchain/gcc-arm/bin/../lib/gcc/arm-none-eabi/7.2.1/../../../../arm-none-eabi/lib/thumb/v7-m\libg_nano.a(lib_a-memmove.o)
                              c:/stm32toolchain/gcc-arm/bin/../lib/gcc/arm-none-eabi/7.2.1/../../../../arm-none-eabi/lib/thumb/v7-m\libg_nano.a(lib_a-nano-svfprintf.o) (memmove)
c:/stm32toolchain/gcc-arm/bin/../lib/gcc/arm-none-eabi/7.2.1/../../../../arm-none-eabi/lib/thumb/v7-m\libg_nano.a(lib_a-nano-freer.o)
                              c:/stm32toolchain/gcc-arm/bin/../lib/gcc/arm-none-eabi/7.2.1/../../../../arm-none-eabi/lib/thumb/v7-m\libg_nano.a(lib_a-nano-svfprintf.o) (_free_r)
c:/stm32toolchain/gcc-arm/bin/../lib/gcc/arm-none-eabi/7.2.1/../../../../arm-none-eabi/lib/thumb/v7-m\libg_nano.a(lib_a-nano-mallocr.o)
                              c:/stm32toolchain/gcc-arm/bin/../lib/gcc/arm-none-eabi/7.2.1/../../../../arm-none-eabi/lib/thumb/v7-m\libg_nano.a(lib_a-nano-svfprintf.o) (_malloc_r)
c:/stm32toolchain/gcc-arm/bin/../lib/gcc/arm-none-eabi/7.2.1/../../../../arm-none-eabi/lib/thumb/v7-m\libg_nano.a(lib_a-nano-reallocr.o)
                              c:/stm32toolchain/gcc-arm/bin/../lib/gcc/arm-none-eabi/7.2.1/../../../../arm-none-eabi/lib/thumb/v7-m\libg_nano.a(lib_a-nano-svfprintf.o) (_realloc_r)
c:/stm32toolchain/gcc-arm/bin/../lib/gcc/arm-none-eabi/7.2.1/../../../../arm-none-eabi/lib/thumb/v7-m\libg_nano.a(lib_a-sbrkr.o)
                              c:/stm32toolchain/gcc-arm/bin/../lib/gcc/arm-none-eabi/7.2.1/../../../../arm-none-eabi/lib/thumb/v7-m\libg_nano.a(lib_a-nano-mallocr.o) (_sbrk_r)
c:/stm32toolchain/gcc-arm/bin/../lib/gcc/arm-none-eabi/7.2.1/../../../../arm-none-eabi/lib/thumb/v7-m\libg_nano.a(lib_a-mlock.o)
                              c:/stm32toolchain/gcc-arm/bin/../lib/gcc/arm-none-eabi/7.2.1/../../../../arm-none-eabi/lib/thumb/v7-m\libg_nano.a(lib_a-nano-freer.o) (__malloc_lock)
[...]
Memory Configuration

Name             Origin             Length             Attributes
FLASH            0x08000000         0x00020000         xr
RAM              0x20000000         0x00005000         xrw
CCMRAM           0x10000000         0x00000000         xrw
FLASHB1          0x00000000         0x00000000         xr
EXTMEMB0         0x00000000         0x00000000         xr
EXTMEMB1         0x00000000         0x00000000         xr
EXTMEMB2         0x00000000         0x00000000         xr
EXTMEMB3         0x00000000         0x00000000         xr
*default*        0x00000000         0xffffffff

Linker script and memory map

LOAD ./system/src/stm32f1xx/stm32f1xx_hal.o
LOAD ./system/src/stm32f1xx/stm32f1xx_hal_cortex.o
LOAD ./system/src/stm32f1xx/stm32f1xx_hal_crc.o
LOAD ./system/src/stm32f1xx/stm32f1xx_hal_dma.o
LOAD ./system/src/stm32f1xx/stm32f1xx_hal_flash.o
LOAD ./system/src/stm32f1xx/stm32f1xx_hal_flash_ex.o
LOAD ./system/src/stm32f1xx/stm32f1xx_hal_gpio.o
LOAD ./system/src/stm32f1xx/stm32f1xx_hal_gpio_ex.o
LOAD ./system/src/stm32f1xx/stm32f1xx_hal_pcd.o
LOAD ./system/src/stm32f1xx/stm32f1xx_hal_pcd_ex.o
LOAD ./system/src/stm32f1xx/stm32f1xx_hal_pwr.o
LOAD ./system/src/stm32f1xx/stm32f1xx_hal_rcc.o
LOAD ./system/src/stm32f1xx/stm32f1xx_hal_rcc_ex.o
LOAD ./system/src/stm32f1xx/stm32f1xx_hal_tim.o
LOAD ./system/src/stm32f1xx/stm32f1xx_hal_tim_ex.o
LOAD ./system/src/stm32f1xx/stm32f1xx_ll_usb.o
LOAD ./system/src/newlib/_cxx.o
LOAD ./system/src/newlib/_exit.o
LOAD ./system/src/newlib/_sbrk.o
LOAD ./system/src/newlib/_startup.o
LOAD ./system/src/newlib/_syscalls.o
LOAD ./system/src/newlib/assert.o
LOAD ./system/src/diag/Trace.o
LOAD ./system/src/diag/trace_impl.o
LOAD ./system/src/cortexm/_initialize_hardware.o
LOAD ./system/src/cortexm/_reset_hardware.o
LOAD ./system/src/cortexm/exception_handlers.o
LOAD ./system/src/cmsis/startup_stm32f103xb.o
LOAD ./system/src/cmsis/system_stm32f1xx.o
LOAD ./src/main.o
LOAD ./src/stm32f1xx_hal_msp.o
LOAD ./src/stm32f1xx_it.o
LOAD ./src/usb_device.o
LOAD ./src/usbd_cdc_if.o
LOAD ./src/usbd_conf.o
LOAD ./src/usbd_desc.o
LOAD ./Middlewares/ST/STM32_USB_Device_Library/Core/Src/usbd_core.o
LOAD ./Middlewares/ST/STM32_USB_Device_Library/Core/Src/usbd_ctlreq.o
LOAD ./Middlewares/ST/STM32_USB_Device_Library/Core/Src/usbd_ioreq.o
LOAD ./Middlewares/ST/STM32_USB_Device_Library/Class/CDC/Src/usbd_cdc.o
LOAD c:/stm32toolchain/gcc-arm/bin/../lib/gcc/arm-none-eabi/7.2.1/../../../../arm-none-eabi/lib/thumb/v7-m\libstdc++_nano.a
LOAD c:/stm32toolchain/gcc-arm/bin/../lib/gcc/arm-none-eabi/7.2.1/../../../../arm-none-eabi/lib/thumb/v7-m\libm.a
START GROUP
LOAD c:/stm32toolchain/gcc-arm/bin/../lib/gcc/arm-none-eabi/7.2.1/thumb/v7-m\libgcc.a
LOAD c:/stm32toolchain/gcc-arm/bin/../lib/gcc/arm-none-eabi/7.2.1/../../../../arm-none-eabi/lib/thumb/v7-m\libg_nano.a
LOAD c:/stm32toolchain/gcc-arm/bin/../lib/gcc/arm-none-eabi/7.2.1/../../../../arm-none-eabi/lib/thumb/v7-m\libc_nano.a
END GROUP
START GROUP
LOAD c:/stm32toolchain/gcc-arm/bin/../lib/gcc/arm-none-eabi/7.2.1/thumb/v7-m\libgcc.a
LOAD c:/stm32toolchain/gcc-arm/bin/../lib/gcc/arm-none-eabi/7.2.1/../../../../arm-none-eabi/lib/thumb/v7-m\libc_nano.a
END GROUP
                0x20005000                __stack = (ORIGIN (RAM) + LENGTH (RAM))
                0x20005000                _estack = __stack
                0x00000400                __Main_Stack_Size = 0x400
                [!provide]                PROVIDE (_Main_Stack_Size, __Main_Stack_Size)
                0x20004c00                __Main_Stack_Limit = (__stack - __Main_Stack_Size)
                [!provide]                PROVIDE (_Main_Stack_Limit, __Main_Stack_Limit)
                0x00000100                _Minimum_Stack_Size = 0x100
                0x20001d64                PROVIDE (_Heap_Begin, _end_noinit)
                0x20004c00                PROVIDE (_Heap_Limit, (__stack - __Main_Stack_Size))

.isr_vector     0x08000000      0x34c
 FILL mask 0xff
                0x08000000                __vectors_start = ABSOLUTE (.)
                0x08000000                __vectors_start__ = ABSOLUTE (.)
 *(.isr_vector)
 .isr_vector    0x08000000      0x10c ./system/src/cmsis/startup_stm32f103xb.o
                0x08000000                g_pfnVectors
 *(.cfmconfig)
 *(.after_vectors .after_vectors.*)
 .after_vectors
                0x0800010c      0x114 ./system/src/newlib/_startup.o
                0x0800010c                _start
 .after_vectors
                0x08000220      0x12c ./system/src/cortexm/exception_handlers.o
                0x08000220                Reset_Handler
                0x08000226                NMI_Handler
                0x0800022a                HardFault_Handler
                0x0800023e                HardFault_Handler_C
                0x0800029c                MemManage_Handler
                0x080002a0                BusFault_Handler
                0x080002b4                BusFault_Handler_C
                0x080002e8                UsageFault_Handler
                0x080002fc                UsageFault_Handler_C
                0x08000330                SVC_Handler
                0x08000334                DebugMon_Handler
                0x08000338                PendSV_Handler

.inits          0x0800034c       0x28
                0x0800034c                __data_regions_array_start = .
                0x0800034c        0x4 LONG 0x8004508 LOADADDR (.data)
                0x08000350        0x4 LONG 0x20000000 ADDR (.data)
                0x08000354        0x4 LONG 0x200001d4 (ADDR (.data) + SIZEOF (.data))
                0x08000358        0x4 LONG 0x8004508 LOADADDR (.data_CCMRAM)
                0x0800035c        0x4 LONG 0x10000000 ADDR (.data_CCMRAM)
                0x08000360        0x4 LONG 0x10000000 (ADDR (.data_CCMRAM) + SIZEOF (.data_CCMRAM))
                0x08000364                __data_regions_array_end = .
                0x08000364                __bss_regions_array_start = .
                0x08000364        0x4 LONG 0x200001d4 ADDR (.bss)
                0x08000368        0x4 LONG 0x20001d64 (ADDR (.bss) + SIZEOF (.bss))
                0x0800036c        0x4 LONG 0x10000000 ADDR (.bss_CCMRAM)
                0x08000370        0x4 LONG 0x10000000 (ADDR (.bss_CCMRAM) + SIZEOF (.bss_CCMRAM))
                0x08000374                __bss_regions_array_end = .
 *(.init)
 *(.fini)
                0x08000374                . = ALIGN (0x4)
                0x08000374                PROVIDE (__preinit_array_start, .)
 *(.preinit_array_sysinit .preinit_array_sysinit.*)
 *(.preinit_array_platform .preinit_array_platform.*)
 *(.preinit_array .preinit_array.*)
                0x08000374                PROVIDE (__preinit_array_end, .)
                0x08000374                . = ALIGN (0x4)
                0x08000374                PROVIDE (__init_array_start, .)
 *(SORT_BY_NAME(.init_array.*))
 *(.init_array)
                0x08000374                PROVIDE (__init_array_end, .)
                0x08000374                . = ALIGN (0x4)
                0x08000374                PROVIDE (__fini_array_start, .)
 *(SORT_BY_NAME(.fini_array.*))
 *(.fini_array)
                0x08000374                PROVIDE (__fini_array_end, .)

.flashtext
 *(.flashtext .flashtext.*)

.text           0x08000374     0x4193
 *(.text .text.*)
 .text.HAL_InitTick
                0x08000374       0x4c ./system/src/stm32f1xx/stm32f1xx_hal.o
                0x08000374                HAL_InitTick
 .text.HAL_Init
                0x080003c0       0x24 ./system/src/stm32f1xx/stm32f1xx_hal.o
                0x080003c0                HAL_Init
 .text.HAL_IncTick
                0x080003e4       0x18 ./system/src/stm32f1xx/stm32f1xx_hal.o
                0x080003e4                HAL_IncTick
 .text.HAL_GetTick
                0x080003fc        0xc ./system/src/stm32f1xx/stm32f1xx_hal.o
                0x080003fc                HAL_GetTick
 .text.HAL_NVIC_SetPriorityGrouping
                0x08000408       0x24 ./system/src/stm32f1xx/stm32f1xx_hal_cortex.o
                0x08000408                HAL_NVIC_SetPriorityGrouping
 .text.HAL_NVIC_SetPriority
                0x0800042c       0x68 ./system/src/stm32f1xx/stm32f1xx_hal_cortex.o
                0x0800042c                HAL_NVIC_SetPriority
 .text.HAL_NVIC_EnableIRQ
                0x08000494       0x18 ./system/src/stm32f1xx/stm32f1xx_hal_cortex.o
                0x08000494                HAL_NVIC_EnableIRQ
 .text.HAL_SYSTICK_Config
                0x080004ac       0x2c ./system/src/stm32f1xx/stm32f1xx_hal_cortex.o
                0x080004ac                HAL_SYSTICK_Config
 .text.HAL_SYSTICK_CLKSourceConfig
                0x080004d8       0x20 ./system/src/stm32f1xx/stm32f1xx_hal_cortex.o
                0x080004d8                HAL_SYSTICK_CLKSourceConfig
 .text.HAL_SYSTICK_Callback
                0x080004f8        0x2 ./system/src/stm32f1xx/stm32f1xx_hal_cortex.o
                0x080004f8                HAL_SYSTICK_Callback
 .text.HAL_SYSTICK_IRQHandler
                0x080004fa        0x8 ./system/src/stm32f1xx/stm32f1xx_hal_cortex.o
                0x080004fa                HAL_SYSTICK_IRQHandler
 .text.HAL_CRC_Init
                0x08000502       0x1e ./system/src/stm32f1xx/stm32f1xx_hal_crc.o
                0x08000502                HAL_CRC_Init
 .text.HAL_GPIO_Init
                0x08000520      0x1d4 ./system/src/stm32f1xx/stm32f1xx_hal_gpio.o
                0x08000520                HAL_GPIO_Init
 .text.HAL_GPIO_WritePin
                0x080006f4        0xc ./system/src/stm32f1xx/stm32f1xx_hal_gpio.o
                0x080006f4                HAL_GPIO_WritePin
 .text.HAL_GPIO_EXTI_Callback
                0x08000700        0x2 ./system/src/stm32f1xx/stm32f1xx_hal_gpio.o
                0x08000700                HAL_GPIO_EXTI_Callback
 *fill*         0x08000702        0x2 
 .text.HAL_GPIO_EXTI_IRQHandler
                0x08000704       0x1c ./system/src/stm32f1xx/stm32f1xx_hal_gpio.o
                0x08000704                HAL_GPIO_EXTI_IRQHandler
 .text.HAL_PCD_Init
                0x08000720       0xd6 ./system/src/stm32f1xx/stm32f1xx_hal_pcd.o
                0x08000720                HAL_PCD_Init
 .text.HAL_PCD_Start
                0x080007f6       0x2e ./system/src/stm32f1xx/stm32f1xx_hal_pcd.o
                0x080007f6                HAL_PCD_Start
 .text.HAL_PCD_SetAddress
                0x08000824       0x28 ./system/src/stm32f1xx/stm32f1xx_hal_pcd.o
                0x08000824                HAL_PCD_SetAddress
 .text.HAL_PCD_EP_Open
                0x0800084c       0x52 ./system/src/stm32f1xx/stm32f1xx_hal_pcd.o
                0x0800084c                HAL_PCD_EP_Open
 .text.HAL_PCD_EP_Close
                0x0800089e       0x4e ./system/src/stm32f1xx/stm32f1xx_hal_pcd.o
                0x0800089e                HAL_PCD_EP_Close
 .text.HAL_PCD_EP_Receive
                0x080008ec       0x3e ./system/src/stm32f1xx/stm32f1xx_hal_pcd.o
                0x080008ec                HAL_PCD_EP_Receive
 .text.HAL_PCD_EP_GetRxCount
                0x0800092a        0xe ./system/src/stm32f1xx/stm32f1xx_hal_pcd.o
                0x0800092a                HAL_PCD_EP_GetRxCount
 .text.HAL_PCD_EP_Transmit
                0x08000938       0x3c ./system/src/stm32f1xx/stm32f1xx_hal_pcd.o
                0x08000938                HAL_PCD_EP_Transmit
 .text.PCD_EP_ISR_Handler
                0x08000974      0x444 ./system/src/stm32f1xx/stm32f1xx_hal_pcd.o
 .text.HAL_PCD_IRQHandler
                0x08000db8      0x160 ./system/src/stm32f1xx/stm32f1xx_hal_pcd.o
                0x08000db8                HAL_PCD_IRQHandler
 .text.HAL_PCD_EP_SetStall
                0x08000f18       0x5c ./system/src/stm32f1xx/stm32f1xx_hal_pcd.o
                0x08000f18                HAL_PCD_EP_SetStall
 .text.HAL_PCD_EP_ClrStall
                0x08000f74       0x4e ./system/src/stm32f1xx/stm32f1xx_hal_pcd.o
                0x08000f74                HAL_PCD_EP_ClrStall
 .text.HAL_PCDEx_PMAConfig
                0x08000fc2       0x30 ./system/src/stm32f1xx/stm32f1xx_hal_pcd_ex.o
                0x08000fc2                HAL_PCDEx_PMAConfig
 *fill*         0x08000ff2        0x2 
 .text.RCC_Delay
                0x08000ff4       0x2c ./system/src/stm32f1xx/stm32f1xx_hal_rcc.o
 .text.HAL_RCC_OscConfig
                0x08001020      0x3dc ./system/src/stm32f1xx/stm32f1xx_hal_rcc.o
                0x08001020                HAL_RCC_OscConfig
 .text.HAL_RCC_MCOConfig
                0x080013fc       0x4c ./system/src/stm32f1xx/stm32f1xx_hal_rcc.o
                0x080013fc                HAL_RCC_MCOConfig
 .text.HAL_RCC_GetSysClockFreq
                0x08001448       0x7c ./system/src/stm32f1xx/stm32f1xx_hal_rcc.o
                0x08001448                HAL_RCC_GetSysClockFreq
 .text.HAL_RCC_ClockConfig
                0x080014c4      0x178 ./system/src/stm32f1xx/stm32f1xx_hal_rcc.o
                0x080014c4                HAL_RCC_ClockConfig
 .text.HAL_RCC_GetHCLKFreq
                0x0800163c        0xc ./system/src/stm32f1xx/stm32f1xx_hal_rcc.o
                0x0800163c                HAL_RCC_GetHCLKFreq
 .text.HAL_RCCEx_PeriphCLKConfig
                0x08001648      0x114 ./system/src/stm32f1xx/stm32f1xx_hal_rcc_ex.o
                0x08001648                HAL_RCCEx_PeriphCLKConfig
 .text.TIM_OC1_SetConfig
                0x0800175c       0x5c ./system/src/stm32f1xx/stm32f1xx_hal_tim.o
 .text.TIM_OC3_SetConfig
                0x080017b8       0x64 ./system/src/stm32f1xx/stm32f1xx_hal_tim.o
 .text.TIM_OC4_SetConfig
                0x0800181c       0x48 ./system/src/stm32f1xx/stm32f1xx_hal_tim.o
 .text.TIM_TI1_ConfigInputStage
                0x08001864       0x24 ./system/src/stm32f1xx/stm32f1xx_hal_tim.o
 .text.TIM_TI2_ConfigInputStage
                0x08001888       0x26 ./system/src/stm32f1xx/stm32f1xx_hal_tim.o
 .text.TIM_ITRx_SetConfig
                0x080018ae       0x10 ./system/src/stm32f1xx/stm32f1xx_hal_tim.o
 .text.TIM_ETR_SetConfig
                0x080018be       0x16 ./system/src/stm32f1xx/stm32f1xx_hal_tim.o
 .text.HAL_TIM_PWM_MspInit
                0x080018d4        0x2 ./system/src/stm32f1xx/stm32f1xx_hal_tim.o
                0x080018d4                HAL_TIM_PWM_MspInit
 .text.HAL_TIM_ConfigClockSource
                0x080018d6      0x108 ./system/src/stm32f1xx/stm32f1xx_hal_tim.o
                0x080018d6                HAL_TIM_ConfigClockSource
 *fill*         0x080019de        0x2 
 .text.TIM_Base_SetConfig
                0x080019e0       0x74 ./system/src/stm32f1xx/stm32f1xx_hal_tim.o
                0x080019e0                TIM_Base_SetConfig
 .text.HAL_TIM_Base_Init
                0x08001a54       0x32 ./system/src/stm32f1xx/stm32f1xx_hal_tim.o
                0x08001a54                HAL_TIM_Base_Init
 .text.HAL_TIM_PWM_Init
                0x08001a86       0x32 ./system/src/stm32f1xx/stm32f1xx_hal_tim.o
                0x08001a86                HAL_TIM_PWM_Init
 .text.TIM_OC2_SetConfig
                0x08001ab8       0x64 ./system/src/stm32f1xx/stm32f1xx_hal_tim.o
                0x08001ab8                TIM_OC2_SetConfig
 .text.HAL_TIM_PWM_ConfigChannel
                0x08001b1c       0xdc ./system/src/stm32f1xx/stm32f1xx_hal_tim.o
                0x08001b1c                HAL_TIM_PWM_ConfigChannel
 .text.HAL_TIMEx_MasterConfigSynchronization
                0x08001bf8       0x52 ./system/src/stm32f1xx/stm32f1xx_hal_tim_ex.o
                0x08001bf8                HAL_TIMEx_MasterConfigSynchronization
 .text.USB_CoreInit
                0x08001c4a        0xe ./system/src/stm32f1xx/stm32f1xx_ll_usb.o
                0x08001c4a                USB_CoreInit
 .text.USB_EnableGlobalInt
                0x08001c58       0x10 ./system/src/stm32f1xx/stm32f1xx_ll_usb.o
                0x08001c58                USB_EnableGlobalInt
 .text.USB_DisableGlobalInt
                0x08001c68       0x14 ./system/src/stm32f1xx/stm32f1xx_ll_usb.o
                0x08001c68                USB_DisableGlobalInt
 .text.USB_SetCurrentMode
                0x08001c7c        0x4 ./system/src/stm32f1xx/stm32f1xx_ll_usb.o
                0x08001c7c                USB_SetCurrentMode
 .text.USB_DevInit
                0x08001c80       0x2c ./system/src/stm32f1xx/stm32f1xx_ll_usb.o
                0x08001c80                USB_DevInit
 .text.USB_ActivateEndpoint
                0x08001cac      0x328 ./system/src/stm32f1xx/stm32f1xx_ll_usb.o
                0x08001cac                USB_ActivateEndpoint
 .text.USB_DeactivateEndpoint
                0x08001fd4      0x1c4 ./system/src/stm32f1xx/stm32f1xx_ll_usb.o
                0x08001fd4                USB_DeactivateEndpoint
 .text.USB_EPSetStall
                0x08002198       0x6e ./system/src/stm32f1xx/stm32f1xx_ll_usb.o
                0x08002198                USB_EPSetStall
 .text.USB_EPClearStall
                0x08002206       0x92 ./system/src/stm32f1xx/stm32f1xx_ll_usb.o
                0x08002206                USB_EPClearStall
 .text.USB_SetDevAddress
                0x08002298        0xc ./system/src/stm32f1xx/stm32f1xx_ll_usb.o
                0x08002298                USB_SetDevAddress
 .text.USB_DevConnect
                0x080022a4        0x4 ./system/src/stm32f1xx/stm32f1xx_ll_usb.o
                0x080022a4                USB_DevConnect
 .text.USB_DevDisconnect
                0x080022a8        0x4 ./system/src/stm32f1xx/stm32f1xx_ll_usb.o
                0x080022a8                USB_DevDisconnect
 .text.USB_ReadInterrupts
                0x080022ac        0x6 ./system/src/stm32f1xx/stm32f1xx_ll_usb.o
                0x080022ac                USB_ReadInterrupts
 .text.USB_EP0_OutStart
                0x080022b2        0x4 ./system/src/stm32f1xx/stm32f1xx_ll_usb.o
                0x080022b2                USB_EP0_OutStart
 .text.USB_WritePMA
                0x080022b6       0x2a ./system/src/stm32f1xx/stm32f1xx_ll_usb.o
                0x080022b6                USB_WritePMA
 .text.USB_EPStartXfer
                0x080022e0      0x2ba ./system/src/stm32f1xx/stm32f1xx_ll_usb.o
                0x080022e0                USB_EPStartXfer
 .text.USB_ReadPMA
                0x0800259a       0x1e ./system/src/stm32f1xx/stm32f1xx_ll_usb.o
                0x0800259a                USB_ReadPMA
 .text._exit    0x080025b8        0x2 ./system/src/newlib/_exit.o
                0x080025b8                _exit
 *fill*         0x080025ba        0x2 
 .text._sbrk    0x080025bc       0x44 ./system/src/newlib/_sbrk.o
                0x080025bc                _sbrk
 .text.__initialize_args
                0x08002600       0x10 ./system/src/newlib/_syscalls.o
                0x08002600                __initialize_args
 .text.trace_printf
                0x08002610       0x30 ./system/src/diag/Trace.o
                0x08002610                trace_printf
 .text._trace_write_semihosting_debug
                0x08002640       0x60 ./system/src/diag/trace_impl.o
 .text.trace_write
                0x080026a0        0x8 ./system/src/diag/trace_impl.o
                0x080026a0                trace_write
 .text.__initialize_hardware_early
                0x080026a8       0x18 ./system/src/cortexm/_initialize_hardware.o
                0x080026a8                __initialize_hardware_early
 .text.__initialize_hardware
                0x080026c0        0x8 ./system/src/cortexm/_initialize_hardware.o
                0x080026c0                __initialize_hardware
 .text.dumpExceptionStack
                0x080026c8       0xf4 ./system/src/cortexm/exception_handlers.o
                0x080026c8                dumpExceptionStack
 .text.isSemihosting
                0x080027bc       0x20 ./system/src/cortexm/exception_handlers.o
                0x080027bc                isSemihosting
 .text.Default_Handler
                0x080027dc        0x2 ./system/src/cmsis/startup_stm32f103xb.o
                0x080027dc                RTC_Alarm_IRQHandler
                0x080027dc                EXTI2_IRQHandler
                0x080027dc                TIM1_CC_IRQHandler
                0x080027dc                PVD_IRQHandler
                0x080027dc                EXTI3_IRQHandler
                0x080027dc                EXTI0_IRQHandler
                0x080027dc                I2C2_EV_IRQHandler
                0x080027dc                ADC1_2_IRQHandler
                0x080027dc                SPI1_IRQHandler
                0x080027dc                TAMPER_IRQHandler
                0x080027dc                DMA1_Channel4_IRQHandler
                0x080027dc                USART3_IRQHandler
                0x080027dc                RTC_IRQHandler
                0x080027dc                DMA1_Channel7_IRQHandler
                0x080027dc                CAN1_RX1_IRQHandler
                0x080027dc                TIM4_IRQHandler
                0x080027dc                I2C1_EV_IRQHandler
                0x080027dc                DMA1_Channel6_IRQHandler
                0x080027dc                TIM3_IRQHandler
                0x080027dc                RCC_IRQHandler
                0x080027dc                TIM1_TRG_COM_IRQHandler
                0x080027dc                DMA1_Channel1_IRQHandler
                0x080027dc                Default_Handler
                0x080027dc                EXTI9_5_IRQHandler
                0x080027dc                SPI2_IRQHandler
                0x080027dc                DMA1_Channel5_IRQHandler
                0x080027dc                EXTI4_IRQHandler
                0x080027dc                USB_HP_CAN1_TX_IRQHandler
                0x080027dc                DMA1_Channel3_IRQHandler
                0x080027dc                TIM1_UP_IRQHandler
                0x080027dc                WWDG_IRQHandler
                0x080027dc                TIM2_IRQHandler
                0x080027dc                TIM1_BRK_IRQHandler
                0x080027dc                EXTI1_IRQHandler
                0x080027dc                USART2_IRQHandler
                0x080027dc                I2C2_ER_IRQHandler
                0x080027dc                DMA1_Channel2_IRQHandler
                0x080027dc                CAN1_SCE_IRQHandler
                0x080027dc                FLASH_IRQHandler
                0x080027dc                USART1_IRQHandler
                0x080027dc                I2C1_ER_IRQHandler
                0x080027dc                USBWakeUp_IRQHandler
 *fill*         0x080027de        0x2 
 .text.SystemInit
                0x080027e0       0x4c ./system/src/cmsis/system_stm32f1xx.o
                0x080027e0                SystemInit
 .text.SystemCoreClockUpdate
                0x0800282c       0x94 ./system/src/cmsis/system_stm32f1xx.o
                0x0800282c                SystemCoreClockUpdate
 .text.MX_GPIO_Init
                0x080028c0       0xbc ./src/main.o
 .text._Error_Handler
                0x0800297c        0x2 ./src/main.o
                0x0800297c                _Error_Handler
 *fill*         0x0800297e        0x2 
 .text.MX_TIM3_Init
                0x08002980       0xf0 ./src/main.o
 .text.MX_CRC_Init
                0x08002a70       0x24 ./src/main.o
 .text.SystemClock_Config
                0x08002a94       0xa8 ./src/main.o
                0x08002a94                SystemClock_Config
 .text.main     0x08002b3c       0x1c ./src/main.o
                0x08002b3c                main
 .text.HAL_MspInit
                0x08002b58       0x90 ./src/stm32f1xx_hal_msp.o
                0x08002b58                HAL_MspInit
 .text.HAL_CRC_MspInit
                0x08002be8       0x2c ./src/stm32f1xx_hal_msp.o
                0x08002be8                HAL_CRC_MspInit
 .text.HAL_TIM_Base_MspInit
                0x08002c14       0x2c ./src/stm32f1xx_hal_msp.o
                0x08002c14                HAL_TIM_Base_MspInit
 .text.HAL_TIM_MspPostInit
                0x08002c40       0x40 ./src/stm32f1xx_hal_msp.o
                0x08002c40                HAL_TIM_MspPostInit
 .text.SysTick_Handler
                0x08002c80        0xc ./src/stm32f1xx_it.o
                0x08002c80                SysTick_Handler
 .text.USB_LP_CAN1_RX0_IRQHandler
                0x08002c8c       0x10 ./src/stm32f1xx_it.o
                0x08002c8c                USB_LP_CAN1_RX0_IRQHandler
 .text.EXTI15_10_IRQHandler
                0x08002c9c        0xc ./src/stm32f1xx_it.o
                0x08002c9c                EXTI15_10_IRQHandler
 .text.MX_USB_DEVICE_Init
                0x08002ca8       0x38 ./src/usb_device.o
                0x08002ca8                MX_USB_DEVICE_Init
 .text.CDC_DeInit_FS
                0x08002ce0        0x4 ./src/usbd_cdc_if.o
 .text.CDC_Control_FS
                0x08002ce4        0x4 ./src/usbd_cdc_if.o
 .text.CDC_Receive_FS
                0x08002ce8       0x1c ./src/usbd_cdc_if.o
 .text.CDC_Init_FS
                0x08002d04       0x28 ./src/usbd_cdc_if.o
 .text.HAL_PCD_MspInit
                0x08002d2c       0x40 ./src/usbd_conf.o
                0x08002d2c                HAL_PCD_MspInit
 .text.HAL_PCD_SetupStageCallback
                0x08002d6c       0x10 ./src/usbd_conf.o
                0x08002d6c                HAL_PCD_SetupStageCallback
 .text.HAL_PCD_DataOutStageCallback
                0x08002d7c       0x14 ./src/usbd_conf.o
                0x08002d7c                HAL_PCD_DataOutStageCallback
 .text.HAL_PCD_DataInStageCallback
                0x08002d90       0x12 ./src/usbd_conf.o
                0x08002d90                HAL_PCD_DataInStageCallback
 .text.HAL_PCD_SOFCallback
                0x08002da2        0xc ./src/usbd_conf.o
                0x08002da2                HAL_PCD_SOFCallback
 .text.HAL_PCD_ResetCallback
                0x08002dae       0x18 ./src/usbd_conf.o
                0x08002dae                HAL_PCD_ResetCallback
 *fill*         0x08002dc6        0x2 
 .text.HAL_PCD_SuspendCallback
                0x08002dc8       0x20 ./src/usbd_conf.o
                0x08002dc8                HAL_PCD_SuspendCallback
 .text.HAL_PCD_ResumeCallback
                0x08002de8        0xc ./src/usbd_conf.o
                0x08002de8                HAL_PCD_ResumeCallback
 .text.USBD_LL_Init
                0x08002df4       0x94 ./src/usbd_conf.o
                0x08002df4                USBD_LL_Init
 .text.USBD_LL_Start
                0x08002e88       0x1c ./src/usbd_conf.o
                0x08002e88                USBD_LL_Start
 .text.USBD_LL_OpenEP
                0x08002ea4       0x22 ./src/usbd_conf.o
                0x08002ea4                USBD_LL_OpenEP
 .text.USBD_LL_CloseEP
                0x08002ec6       0x1c ./src/usbd_conf.o
                0x08002ec6                USBD_LL_CloseEP
 .text.USBD_LL_StallEP
                0x08002ee2       0x1c ./src/usbd_conf.o
                0x08002ee2                USBD_LL_StallEP
 .text.USBD_LL_ClearStallEP
                0x08002efe       0x1c ./src/usbd_conf.o
                0x08002efe                USBD_LL_ClearStallEP
 .text.USBD_LL_IsStallEP
                0x08002f1a       0x26 ./src/usbd_conf.o
                0x08002f1a                USBD_LL_IsStallEP
 .text.USBD_LL_SetUSBAddress
                0x08002f40       0x1c ./src/usbd_conf.o
                0x08002f40                USBD_LL_SetUSBAddress
 .text.USBD_LL_Transmit
                0x08002f5c       0x1c ./src/usbd_conf.o
                0x08002f5c                USBD_LL_Transmit
 .text.USBD_LL_PrepareReceive
                0x08002f78       0x1c ./src/usbd_conf.o
                0x08002f78                USBD_LL_PrepareReceive
 .text.USBD_LL_GetRxDataSize
                0x08002f94        0xc ./src/usbd_conf.o
                0x08002f94                USBD_LL_GetRxDataSize
 .text.USBD_static_malloc
                0x08002fa0        0x8 ./src/usbd_conf.o
                0x08002fa0                USBD_static_malloc
 .text.USBD_static_free
                0x08002fa8        0x2 ./src/usbd_conf.o
                0x08002fa8                USBD_static_free
 .text.HAL_PCDEx_SetConnectionState
                0x08002faa        0x2 ./src/usbd_conf.o
                0x08002faa                HAL_PCDEx_SetConnectionState
 .text.USBD_FS_DeviceDescriptor
                0x08002fac        0xc ./src/usbd_desc.o
                0x08002fac                USBD_FS_DeviceDescriptor
 .text.USBD_FS_LangIDStrDescriptor
                0x08002fb8        0xc ./src/usbd_desc.o
                0x08002fb8                USBD_FS_LangIDStrDescriptor
 .text.USBD_FS_ProductStrDescriptor
                0x08002fc4       0x24 ./src/usbd_desc.o
                0x08002fc4                USBD_FS_ProductStrDescriptor
 .text.USBD_FS_ManufacturerStrDescriptor
                0x08002fe8       0x1c ./src/usbd_desc.o
                0x08002fe8                USBD_FS_ManufacturerStrDescriptor
 .text.USBD_FS_SerialStrDescriptor
                0x08003004       0x24 ./src/usbd_desc.o
                0x08003004                USBD_FS_SerialStrDescriptor
 .text.USBD_FS_ConfigStrDescriptor
                0x08003028       0x24 ./src/usbd_desc.o
                0x08003028                USBD_FS_ConfigStrDescriptor
 .text.USBD_FS_InterfaceStrDescriptor
                0x0800304c       0x24 ./src/usbd_desc.o
                0x0800304c                USBD_FS_InterfaceStrDescriptor
 .text.USBD_Init
                0x08003070       0x2e ./Middlewares/ST/STM32_USB_Device_Library/Core/Src/usbd_core.o
                0x08003070                USBD_Init
 .text.USBD_RegisterClass
                0x0800309e        0xe ./Middlewares/ST/STM32_USB_Device_Library/Core/Src/usbd_core.o
                0x0800309e                USBD_RegisterClass
 .text.USBD_Start
                0x080030ac        0xa ./Middlewares/ST/STM32_USB_Device_Library/Core/Src/usbd_core.o
                0x080030ac                USBD_Start
 .text.USBD_SetClassConfig
                0x080030b6       0x1a ./Middlewares/ST/STM32_USB_Device_Library/Core/Src/usbd_core.o
                0x080030b6                USBD_SetClassConfig
 .text.USBD_ClrClassConfig
                0x080030d0        0xe ./Middlewares/ST/STM32_USB_Device_Library/Core/Src/usbd_core.o
                0x080030d0                USBD_ClrClassConfig
 .text.USBD_LL_SetupStage
                0x080030de       0x5a ./Middlewares/ST/STM32_USB_Device_Library/Core/Src/usbd_core.o
                0x080030de                USBD_LL_SetupStage
 .text.USBD_LL_DataOutStage
                0x08003138       0x6a ./Middlewares/ST/STM32_USB_Device_Library/Core/Src/usbd_core.o
                0x08003138                USBD_LL_DataOutStage
 .text.USBD_LL_DataInStage
                0x080031a2       0xb0 ./Middlewares/ST/STM32_USB_Device_Library/Core/Src/usbd_core.o
                0x080031a2                USBD_LL_DataInStage
 .text.USBD_LL_Reset
                0x08003252       0x3e ./Middlewares/ST/STM32_USB_Device_Library/Core/Src/usbd_core.o
                0x08003252                USBD_LL_Reset
 .text.USBD_LL_SetSpeed
                0x08003290        0x6 ./Middlewares/ST/STM32_USB_Device_Library/Core/Src/usbd_core.o
                0x08003290                USBD_LL_SetSpeed
 .text.USBD_LL_Suspend
                0x08003296       0x12 ./Middlewares/ST/STM32_USB_Device_Library/Core/Src/usbd_core.o
                0x08003296                USBD_LL_Suspend
 .text.USBD_LL_Resume
                0x080032a8        0xc ./Middlewares/ST/STM32_USB_Device_Library/Core/Src/usbd_core.o
                0x080032a8                USBD_LL_Resume
 .text.USBD_LL_SOF
                0x080032b4       0x1c ./Middlewares/ST/STM32_USB_Device_Library/Core/Src/usbd_core.o
                0x080032b4                USBD_LL_SOF
 .text.USBD_GetLen
                0x080032d0       0x14 ./Middlewares/ST/STM32_USB_Device_Library/Core/Src/usbd_ctlreq.o
 .text.USBD_SetFeature
                0x080032e4       0x20 ./Middlewares/ST/STM32_USB_Device_Library/Core/Src/usbd_ctlreq.o
 .text.USBD_ParseSetupRequest
                0x08003304       0x28 ./Middlewares/ST/STM32_USB_Device_Library/Core/Src/usbd_ctlreq.o
                0x08003304                USBD_ParseSetupRequest
 .text.USBD_CtlError
                0x0800332c       0x14 ./Middlewares/ST/STM32_USB_Device_Library/Core/Src/usbd_ctlreq.o
                0x0800332c                USBD_CtlError
 .text.USBD_GetDescriptor
                0x08003340      0x132 ./Middlewares/ST/STM32_USB_Device_Library/Core/Src/usbd_ctlreq.o
 .text.USBD_SetAddress
                0x08003472       0x4a ./Middlewares/ST/STM32_USB_Device_Library/Core/Src/usbd_ctlreq.o
 .text.USBD_SetConfig
                0x080034bc       0xa4 ./Middlewares/ST/STM32_USB_Device_Library/Core/Src/usbd_ctlreq.o
 .text.USBD_GetConfig
                0x08003560       0x3a ./Middlewares/ST/STM32_USB_Device_Library/Core/Src/usbd_ctlreq.o
 .text.USBD_GetStatus
                0x0800359a       0x2c ./Middlewares/ST/STM32_USB_Device_Library/Core/Src/usbd_ctlreq.o
 .text.USBD_ClrFeature
                0x080035c6       0x30 ./Middlewares/ST/STM32_USB_Device_Library/Core/Src/usbd_ctlreq.o
 .text.USBD_StdDevReq
                0x080035f6       0x48 ./Middlewares/ST/STM32_USB_Device_Library/Core/Src/usbd_ctlreq.o
                0x080035f6                USBD_StdDevReq
 .text.USBD_StdItfReq
                0x0800363e       0x38 ./Middlewares/ST/STM32_USB_Device_Library/Core/Src/usbd_ctlreq.o
                0x0800363e                USBD_StdItfReq
 .text.USBD_StdEPReq
                0x08003676      0x118 ./Middlewares/ST/STM32_USB_Device_Library/Core/Src/usbd_ctlreq.o
                0x08003676                USBD_StdEPReq
 .text.USBD_GetString
                0x0800378e       0x3a ./Middlewares/ST/STM32_USB_Device_Library/Core/Src/usbd_ctlreq.o
                0x0800378e                USBD_GetString
 .text.USBD_CtlSendData
                0x080037c8       0x1a ./Middlewares/ST/STM32_USB_Device_Library/Core/Src/usbd_ioreq.o
                0x080037c8                USBD_CtlSendData
 .text.USBD_CtlContinueSendData
                0x080037e2       0x10 ./Middlewares/ST/STM32_USB_Device_Library/Core/Src/usbd_ioreq.o
                0x080037e2                USBD_CtlContinueSendData
 .text.USBD_CtlPrepareRx
                0x080037f2       0x1e ./Middlewares/ST/STM32_USB_Device_Library/Core/Src/usbd_ioreq.o
                0x080037f2                USBD_CtlPrepareRx
 .text.USBD_CtlContinueRx
                0x08003810       0x10 ./Middlewares/ST/STM32_USB_Device_Library/Core/Src/usbd_ioreq.o
                0x08003810                USBD_CtlContinueRx
 .text.USBD_CtlSendStatus
                0x08003820       0x16 ./Middlewares/ST/STM32_USB_Device_Library/Core/Src/usbd_ioreq.o
                0x08003820                USBD_CtlSendStatus
 .text.USBD_CtlReceiveStatus
                0x08003836       0x16 ./Middlewares/ST/STM32_USB_Device_Library/Core/Src/usbd_ioreq.o
                0x08003836                USBD_CtlReceiveStatus
 .text.USBD_CDC_DataIn
                0x0800384c       0x12 ./Middlewares/ST/STM32_USB_Device_Library/Class/CDC/Src/usbd_cdc.o
 .text.USBD_CDC_EP0_RxReady
                0x0800385e       0x28 ./Middlewares/ST/STM32_USB_Device_Library/Class/CDC/Src/usbd_cdc.o
 *fill*         0x08003886        0x2 
 .text.USBD_CDC_GetFSCfgDesc
                0x08003888        0xc ./Middlewares/ST/STM32_USB_Device_Library/Class/CDC/Src/usbd_cdc.o
 .text.USBD_CDC_GetHSCfgDesc
                0x08003894        0xc ./Middlewares/ST/STM32_USB_Device_Library/Class/CDC/Src/usbd_cdc.o
 .text.USBD_CDC_GetOtherSpeedCfgDesc
                0x080038a0        0xc ./Middlewares/ST/STM32_USB_Device_Library/Class/CDC/Src/usbd_cdc.o
 .text.USBD_CDC_GetDeviceQualifierDescriptor
                0x080038ac        0xc ./Middlewares/ST/STM32_USB_Device_Library/Class/CDC/Src/usbd_cdc.o
                0x080038ac                USBD_CDC_GetDeviceQualifierDescriptor
 .text.USBD_CDC_DataOut
                0x080038b8       0x2e ./Middlewares/ST/STM32_USB_Device_Library/Class/CDC/Src/usbd_cdc.o
 *fill*         0x080038e6        0x2 
 .text.USBD_CDC_Setup
                0x080038e8       0x74 ./Middlewares/ST/STM32_USB_Device_Library/Class/CDC/Src/usbd_cdc.o
 .text.USBD_CDC_DeInit
                0x0800395c       0x3a ./Middlewares/ST/STM32_USB_Device_Library/Class/CDC/Src/usbd_cdc.o
 .text.USBD_CDC_Init
                0x08003996       0x96 ./Middlewares/ST/STM32_USB_Device_Library/Class/CDC/Src/usbd_cdc.o
 .text.USBD_CDC_RegisterInterface
                0x08003a2c        0xe ./Middlewares/ST/STM32_USB_Device_Library/Class/CDC/Src/usbd_cdc.o
                0x08003a2c                USBD_CDC_RegisterInterface
 .text.USBD_CDC_SetTxBuffer
                0x08003a3a       0x10 ./Middlewares/ST/STM32_USB_Device_Library/Class/CDC/Src/usbd_cdc.o
                0x08003a3a                USBD_CDC_SetTxBuffer
 .text.USBD_CDC_SetRxBuffer
                0x08003a4a        0xc ./Middlewares/ST/STM32_USB_Device_Library/Class/CDC/Src/usbd_cdc.o
                0x08003a4a                USBD_CDC_SetRxBuffer
 .text.USBD_CDC_ReceivePacket
                0x08003a56       0x32 ./Middlewares/ST/STM32_USB_Device_Library/Class/CDC/Src/usbd_cdc.o
                0x08003a56                USBD_CDC_ReceivePacket
 .text.__errno  0x08003a88        0xc c:/stm32toolchain/gcc-arm/bin/../lib/gcc/arm-none-eabi/7.2.1/../../../../arm-none-eabi/lib/thumb/v7-m\libg_nano.a(lib_a-errno.o)
                0x08003a88                __errno
 .text.memcpy   0x08003a94       0x16 c:/stm32toolchain/gcc-arm/bin/../lib/gcc/arm-none-eabi/7.2.1/../../../../arm-none-eabi/lib/thumb/v7-m\libg_nano.a(lib_a-memcpy-stub.o)
                0x08003a94                memcpy
 .text._vsnprintf_r
                0x08003aaa       0x58 c:/stm32toolchain/gcc-arm/bin/../lib/gcc/arm-none-eabi/7.2.1/../../../../arm-none-eabi/lib/thumb/v7-m\libg_nano.a(lib_a-vsnprintf.o)
                0x08003aaa                _vsniprintf_r
                0x08003aaa                _vsnprintf_r
 *fill*         0x08003b02        0x2 
 .text.vsnprintf
                0x08003b04       0x1c c:/stm32toolchain/gcc-arm/bin/../lib/gcc/arm-none-eabi/7.2.1/../../../../arm-none-eabi/lib/thumb/v7-m\libg_nano.a(lib_a-vsnprintf.o)
                0x08003b04                vsniprintf
                0x08003b04                vsnprintf
 .text.__ssputs_r
                0x08003b20       0xb4 c:/stm32toolchain/gcc-arm/bin/../lib/gcc/arm-none-eabi/7.2.1/../../../../arm-none-eabi/lib/thumb/v7-m\libg_nano.a(lib_a-nano-svfprintf.o)
                0x08003b20                __ssputs_r
 .text._svfprintf_r
                0x08003bd4      0x1ec c:/stm32toolchain/gcc-arm/bin/../lib/gcc/arm-none-eabi/7.2.1/../../../../arm-none-eabi/lib/thumb/v7-m\libg_nano.a(lib_a-nano-svfprintf.o)
                0x08003bd4                _svfiprintf_r
                0x08003bd4                _svfprintf_r
 .text._printf_common
                0x08003dc0       0xec c:/stm32toolchain/gcc-arm/bin/../lib/gcc/arm-none-eabi/7.2.1/../../../../arm-none-eabi/lib/thumb/v7-m\libg_nano.a(lib_a-nano-vfprintf_i.o)
                0x08003dc0                _printf_common
 .text._printf_i
                0x08003eac      0x224 c:/stm32toolchain/gcc-arm/bin/../lib/gcc/arm-none-eabi/7.2.1/../../../../arm-none-eabi/lib/thumb/v7-m\libg_nano.a(lib_a-nano-vfprintf_i.o)
                0x08003eac                _printf_i
 .text.memchr   0x080040d0       0x1c c:/stm32toolchain/gcc-arm/bin/../lib/gcc/arm-none-eabi/7.2.1/../../../../arm-none-eabi/lib/thumb/v7-m\libg_nano.a(lib_a-memchr-stub.o)
                0x080040d0                memchr
 .text.memmove  0x080040ec       0x32 c:/stm32toolchain/gcc-arm/bin/../lib/gcc/arm-none-eabi/7.2.1/../../../../arm-none-eabi/lib/thumb/v7-m\libg_nano.a(lib_a-memmove.o)
                0x080040ec                memmove
 *fill*         0x0800411e        0x2 
 .text._free_r  0x08004120       0x98 c:/stm32toolchain/gcc-arm/bin/../lib/gcc/arm-none-eabi/7.2.1/../../../../arm-none-eabi/lib/thumb/v7-m\libg_nano.a(lib_a-nano-freer.o)
                0x08004120                _free_r
 .text._malloc_r
                0x080041b8       0xb4 c:/stm32toolchain/gcc-arm/bin/../lib/gcc/arm-none-eabi/7.2.1/../../../../arm-none-eabi/lib/thumb/v7-m\libg_nano.a(lib_a-nano-mallocr.o)
                0x080041b8                _malloc_r
 .text._realloc_r
                0x0800426c       0x4c c:/stm32toolchain/gcc-arm/bin/../lib/gcc/arm-none-eabi/7.2.1/../../../../arm-none-eabi/lib/thumb/v7-m\libg_nano.a(lib_a-nano-reallocr.o)
                0x0800426c                _realloc_r
 .text._sbrk_r  0x080042b8       0x20 c:/stm32toolchain/gcc-arm/bin/../lib/gcc/arm-none-eabi/7.2.1/../../../../arm-none-eabi/lib/thumb/v7-m\libg_nano.a(lib_a-sbrkr.o)
                0x080042b8                _sbrk_r
 .text.__malloc_lock
                0x080042d8        0x2 c:/stm32toolchain/gcc-arm/bin/../lib/gcc/arm-none-eabi/7.2.1/../../../../arm-none-eabi/lib/thumb/v7-m\libg_nano.a(lib_a-mlock.o)
                0x080042d8                __malloc_lock
 .text.__malloc_unlock
                0x080042da        0x2 c:/stm32toolchain/gcc-arm/bin/../lib/gcc/arm-none-eabi/7.2.1/../../../../arm-none-eabi/lib/thumb/v7-m\libg_nano.a(lib_a-mlock.o)
                0x080042da                __malloc_unlock
 .text._malloc_usable_size_r
                0x080042dc       0x10 c:/stm32toolchain/gcc-arm/bin/../lib/gcc/arm-none-eabi/7.2.1/../../../../arm-none-eabi/lib/thumb/v7-m\libg_nano.a(lib_a-nano-msizer.o)
                0x080042dc                _malloc_usable_size_r
 *(.rodata .rodata.* .constdata .constdata.*)
 .rodata        0x080042ec       0x12 ./system/src/stm32f1xx/stm32f1xx_hal_rcc.o
 *fill*         0x080042fe        0x2 
 .rodata.dumpExceptionStack.str1.4
                0x08004300      0x11a ./system/src/cortexm/exception_handlers.o
 *fill*         0x0800441a        0x2 
 .rodata.str1.4
                0x0800441c       0x2a ./system/src/cortexm/exception_handlers.o
 *fill*         0x08004446        0x2 
 .rodata.AHBPrescTable
                0x08004448       0x10 ./system/src/cmsis/system_stm32f1xx.o
                0x08004448                AHBPrescTable
 .rodata.MX_TIM3_Init.str1.4
                0x08004458        0xe ./src/main.o
 *fill*         0x08004466        0x2 
 .rodata.USBD_LL_Init.str1.4
                0x08004468       0x13 ./src/usbd_conf.o
 *fill*         0x0800447b        0x1 
 .rodata.USBD_FS_ConfigStrDescriptor.str1.4
                0x0800447c        0xb ./src/usbd_desc.o
 *fill*         0x08004487        0x1 
 .rodata.USBD_FS_InterfaceStrDescriptor.str1.4
                0x08004488        0xe ./src/usbd_desc.o
 *fill*         0x08004496        0x2 
 .rodata.USBD_FS_ManufacturerStrDescriptor.str1.4
                0x08004498       0x13 ./src/usbd_desc.o
 *fill*         0x080044ab        0x1 
 .rodata.USBD_FS_ProductStrDescriptor.str1.4
                0x080044ac       0x16 ./src/usbd_desc.o
 *fill*         0x080044c2        0x2 
 .rodata.USBD_FS_SerialStrDescriptor.str1.4
                0x080044c4       0x10 ./src/usbd_desc.o
                                  0xd (size before relaxing)
 .rodata._svfprintf_r.str1.1
                0x080044d4       0x11 c:/stm32toolchain/gcc-arm/bin/../lib/gcc/arm-none-eabi/7.2.1/../../../../arm-none-eabi/lib/thumb/v7-m\libg_nano.a(lib_a-nano-svfprintf.o)
 .rodata._printf_i.str1.1
                0x080044e5       0x22 c:/stm32toolchain/gcc-arm/bin/../lib/gcc/arm-none-eabi/7.2.1/../../../../arm-none-eabi/lib/thumb/v7-m\libg_nano.a(lib_a-nano-vfprintf_i.o)
 *(vtable)
 *(.eh_frame*)
 *(.glue_7)
 .glue_7        0x08004507        0x0 linker stubs
 *(.glue_7t)
 .glue_7t       0x08004507        0x0 linker stubs

.vfp11_veneer   0x08004508        0x0
 .vfp11_veneer  0x08004508        0x0 linker stubs

.v4_bx          0x08004508        0x0
 .v4_bx         0x08004508        0x0 linker stubs

.iplt           0x08004508        0x0
 .iplt          0x08004508        0x0 ./system/src/stm32f1xx/stm32f1xx_hal.o

.rel.dyn        0x08004508        0x0
 .rel.iplt      0x08004508        0x0 ./system/src/stm32f1xx/stm32f1xx_hal.o

.ARM.extab
 *(.ARM.extab* .gnu.linkonce.armextab.*)
                0x08004508                . = ALIGN (0x4)
                0x08004508                __exidx_start = .

.ARM.exidx
 *(.ARM.exidx* .gnu.linkonce.armexidx.*)
                0x08004508                __exidx_end = .
                0x08004508                . = ALIGN (0x4)
                0x08004508                _etext = .
                0x08004508                __etext = .

.data_CCMRAM    0x10000000        0x0 load address 0x08004508
 FILL mask 0xff
 *(.data.CCMRAM .data.CCMRAM.*)
                0x10000000                . = ALIGN (0x4)
                0x08004508                _sidata = LOADADDR (.data)

.data           0x20000000      0x1d4 load address 0x08004508
 FILL mask 0xff
                0x20000000                _sdata = .
                0x20000000                __data_start__ = .
 *(.data_begin .data_begin.*)
 .data_begin    0x20000000        0x4 ./system/src/newlib/_startup.o
 *(.data .data.*)
 .data.uwTickFreq
                0x20000004        0x1 ./system/src/stm32f1xx/stm32f1xx_hal.o
                0x20000004                uwTickFreq
 *fill*         0x20000005        0x3 ff
 .data.uwTickPrio
                0x20000008        0x4 ./system/src/stm32f1xx/stm32f1xx_hal.o
                0x20000008                uwTickPrio
 .data.argv.4310
                0x2000000c        0x8 ./system/src/newlib/_syscalls.o
 .data.SystemCoreClock
                0x20000014        0x4 ./system/src/cmsis/system_stm32f1xx.o
                0x20000014                SystemCoreClock
 .data.USBD_Interface_fops_FS
                0x20000018       0x10 ./src/usbd_cdc_if.o
                0x20000018                USBD_Interface_fops_FS
 .data.FS_Desc  0x20000028       0x1c ./src/usbd_desc.o
                0x20000028                FS_Desc
 .data.USBD_FS_DeviceDesc
                0x20000044       0x12 ./src/usbd_desc.o
                0x20000044                USBD_FS_DeviceDesc
 *fill*         0x20000056        0x2 ff
 .data.USBD_LangIDDesc
                0x20000058        0x4 ./src/usbd_desc.o
                0x20000058                USBD_LangIDDesc
 .data.USBD_CDC
                0x2000005c       0x38 ./Middlewares/ST/STM32_USB_Device_Library/Class/CDC/Src/usbd_cdc.o
                0x2000005c                USBD_CDC
 .data.USBD_CDC_CfgFSDesc
                0x20000094       0x43 ./Middlewares/ST/STM32_USB_Device_Library/Class/CDC/Src/usbd_cdc.o
                0x20000094                USBD_CDC_CfgFSDesc
 *fill*         0x200000d7        0x1 ff
 .data.USBD_CDC_CfgHSDesc
                0x200000d8       0x43 ./Middlewares/ST/STM32_USB_Device_Library/Class/CDC/Src/usbd_cdc.o
                0x200000d8                USBD_CDC_CfgHSDesc
 *fill*         0x2000011b        0x1 ff
 .data.USBD_CDC_DeviceQualifierDesc
                0x2000011c        0xa ./Middlewares/ST/STM32_USB_Device_Library/Class/CDC/Src/usbd_cdc.o
 *fill*         0x20000126        0x2 ff
 .data.USBD_CDC_OtherSpeedCfgDesc
                0x20000128       0x43 ./Middlewares/ST/STM32_USB_Device_Library/Class/CDC/Src/usbd_cdc.o
                0x20000128                USBD_CDC_OtherSpeedCfgDesc
 *fill*         0x2000016b        0x1 ff
 .data._impure_ptr
                0x2000016c        0x4 c:/stm32toolchain/gcc-arm/bin/../lib/gcc/arm-none-eabi/7.2.1/../../../../arm-none-eabi/lib/thumb/v7-m\libg_nano.a(lib_a-impure.o)
                0x2000016c                _impure_ptr
 .data.impure_data
                0x20000170       0x60 c:/stm32toolchain/gcc-arm/bin/../lib/gcc/arm-none-eabi/7.2.1/../../../../arm-none-eabi/lib/thumb/v7-m\libg_nano.a(lib_a-impure.o)
 *(.data_end .data_end.*)
 .data_end      0x200001d0        0x4 ./system/src/newlib/_startup.o
                0x200001d4                . = ALIGN (0x4)
                0x200001d4                _edata = .
                0x200001d4                __data_end__ = .

.igot.plt       0x200001d4        0x0 load address 0x080046dc
 .igot.plt      0x200001d4        0x0 ./system/src/stm32f1xx/stm32f1xx_hal.o

.bss_CCMRAM     0x10000000        0x0
 *(.bss.CCMRAM .bss.CCMRAM.*)

.bss            0x200001d4     0x1b90
                0x200001d4                __bss_start__ = .
                0x200001d4                _sbss = .
 *(.bss_begin .bss_begin.*)
 .bss_begin     0x200001d4        0x4 ./system/src/newlib/_startup.o
 *(.bss .bss.*)
 .bss.current_heap_end.3961
                0x200001d8        0x4 ./system/src/newlib/_sbrk.o
 .bss.name.4309
                0x200001dc        0x1 ./system/src/newlib/_syscalls.o
 *fill*         0x200001dd        0x3 
 .bss.buf.5205  0x200001e0       0x80 ./system/src/diag/Trace.o
 .bss.mem.7742  0x20000260      0x220 ./src/usbd_conf.o
 .bss.cfgidx.7588
                0x20000480        0x1 ./Middlewares/ST/STM32_USB_Device_Library/Core/Src/usbd_ctlreq.o
 .bss.ifalt.7583
                0x20000481        0x1 ./Middlewares/ST/STM32_USB_Device_Library/Class/CDC/Src/usbd_cdc.o
 *fill*         0x20000482        0x2 
 .bss.__malloc_free_list
                0x20000484        0x4 c:/stm32toolchain/gcc-arm/bin/../lib/gcc/arm-none-eabi/7.2.1/../../../../arm-none-eabi/lib/thumb/v7-m\libg_nano.a(lib_a-nano-mallocr.o)
                0x20000484                __malloc_free_list
 .bss.__malloc_sbrk_start
                0x20000488        0x4 c:/stm32toolchain/gcc-arm/bin/../lib/gcc/arm-none-eabi/7.2.1/../../../../arm-none-eabi/lib/thumb/v7-m\libg_nano.a(lib_a-nano-mallocr.o)
                0x20000488                __malloc_sbrk_start
 *(COMMON)
 COMMON         0x2000048c        0x4 ./system/src/stm32f1xx/stm32f1xx_hal.o
                0x2000048c                uwTick
 COMMON         0x20000490        0x4 ./system/src/newlib/_syscalls.o
                0x20000490                errno
 COMMON         0x20000494       0x48 ./src/main.o
                0x20000494                hcrc
                0x2000049c                htim3
 COMMON         0x200004dc      0x224 ./src/usb_device.o
                0x200004dc                hUsbDeviceFS
 COMMON         0x20000700     0x1000 ./src/usbd_cdc_if.o
                0x20000700                UserRxBufferFS
                0x20000f00                UserTxBufferFS
 COMMON         0x20001700      0x460 ./src/usbd_conf.o
                0x20001700                hpcd_USB_FS
 COMMON         0x20001b60      0x200 ./src/usbd_desc.o
                0x20001b60                USBD_StrDesc
 *(.bss_end .bss_end.*)
 .bss_end       0x20001d60        0x4 ./system/src/newlib/_startup.o
                0x20001d64                . = ALIGN (0x4)
                0x20001d64                __bss_end__ = .
                0x20001d64                _ebss = .

.noinit_CCMRAM
 *(.noinit.CCMRAM .noinit.CCMRAM.*)

.noinit         0x20001d64        0x0
                0x20001d64                _noinit = .
 *(.noinit .noinit.*)
                0x20001d64                . = ALIGN (0x4)
                0x20001d64                _end_noinit = .
                [!provide]                PROVIDE (end, _end_noinit)
                [!provide]                PROVIDE (_end, _end_noinit)
                [!provide]                PROVIDE (__end, _end_noinit)
                [!provide]                PROVIDE (__end__, _end_noinit)

._check_stack   0x20001d64      0x100
                0x20001e64                . = (. + _Minimum_Stack_Size)
 *fill*         0x20001d64      0x100 

.b1text
 *(.b1text)
 *(.b1rodata)
 *(.b1rodata.*)

.eb0text
 *(.eb0text)
 *(.eb0rodata)
 *(.eb0rodata.*)

.eb1text
 *(.eb1text)
 *(.eb1rodata)
 *(.eb1rodata.*)

.eb2text
 *(.eb2text)
 *(.eb2rodata)
 *(.eb2rodata.*)

.eb3text
 *(.eb3text)
 *(.eb3rodata)
 *(.eb3rodata.*)

.stab
 *(.stab)

.stabstr
 *(.stabstr)

.stab.excl
 *(.stab.excl)

.stab.exclstr
 *(.stab.exclstr)

.stab.index
 *(.stab.index)

.stab.indexstr
 *(.stab.indexstr)

.comment        0x00000000       0x7e
 *(.comment)
 .comment       0x00000000       0x7e ./system/src/stm32f1xx/stm32f1xx_hal.o
                                 0x7f (size before relaxing)
 .comment       0x0000007e       0x7f ./system/src/stm32f1xx/stm32f1xx_hal_cortex.o
 .comment       0x0000007e       0x7f ./system/src/stm32f1xx/stm32f1xx_hal_crc.o
 .comment       0x0000007e       0x7f ./system/src/stm32f1xx/stm32f1xx_hal_gpio.o
 .comment       0x0000007e       0x7f ./system/src/stm32f1xx/stm32f1xx_hal_pcd.o
 .comment       0x0000007e       0x7f ./system/src/stm32f1xx/stm32f1xx_hal_pcd_ex.o
 .comment       0x0000007e       0x7f ./system/src/stm32f1xx/stm32f1xx_hal_rcc.o
 .comment       0x0000007e       0x7f ./system/src/stm32f1xx/stm32f1xx_hal_rcc_ex.o
 .comment       0x0000007e       0x7f ./system/src/stm32f1xx/stm32f1xx_hal_tim.o
 .comment       0x0000007e       0x7f ./system/src/stm32f1xx/stm32f1xx_hal_tim_ex.o
 .comment       0x0000007e       0x7f ./system/src/stm32f1xx/stm32f1xx_ll_usb.o
 .comment       0x0000007e       0x7f ./system/src/newlib/_exit.o
 .comment       0x0000007e       0x7f ./system/src/newlib/_sbrk.o
 .comment       0x0000007e       0x7f ./system/src/newlib/_startup.o
 .comment       0x0000007e       0x7f ./system/src/newlib/_syscalls.o
 .comment       0x0000007e       0x7f ./system/src/diag/Trace.o
 .comment       0x0000007e       0x7f ./system/src/diag/trace_impl.o
 .comment       0x0000007e       0x7f ./system/src/cortexm/_initialize_hardware.o
 .comment       0x0000007e       0x7f ./system/src/cortexm/exception_handlers.o
 .comment       0x0000007e       0x7f ./system/src/cmsis/system_stm32f1xx.o
 .comment       0x0000007e       0x7f ./src/main.o
 .comment       0x0000007e       0x7f ./src/stm32f1xx_hal_msp.o
 .comment       0x0000007e       0x7f ./src/stm32f1xx_it.o
 .comment       0x0000007e       0x7f ./src/usb_device.o
 .comment       0x0000007e       0x7f ./src/usbd_cdc_if.o
 .comment       0x0000007e       0x7f ./src/usbd_conf.o
 .comment       0x0000007e       0x7f ./src/usbd_desc.o
 .comment       0x0000007e       0x7f ./Middlewares/ST/STM32_USB_Device_Library/Core/Src/usbd_core.o
 .comment       0x0000007e       0x7f ./Middlewares/ST/STM32_USB_Device_Library/Core/Src/usbd_ctlreq.o
 .comment       0x0000007e       0x7f ./Middlewares/ST/STM32_USB_Device_Library/Core/Src/usbd_ioreq.o
 .comment       0x0000007e       0x7f ./Middlewares/ST/STM32_USB_Device_Library/Class/CDC/Src/usbd_cdc.o

.ARM.attributes
                0x00000000       0x31
 .ARM.attributes
                0x00000000       0x33 ./system/src/stm32f1xx/stm32f1xx_hal.o
 .ARM.attributes
                0x00000033       0x33 ./system/src/stm32f1xx/stm32f1xx_hal_cortex.o
 .ARM.attributes
                0x00000066       0x33 ./system/src/stm32f1xx/stm32f1xx_hal_crc.o
 .ARM.attributes
                0x00000099       0x33 ./system/src/stm32f1xx/stm32f1xx_hal_gpio.o
 .ARM.attributes
                0x000000cc       0x33 ./system/src/stm32f1xx/stm32f1xx_hal_pcd.o
 .ARM.attributes
                0x000000ff       0x33 ./system/src/stm32f1xx/stm32f1xx_hal_pcd_ex.o
 .ARM.attributes
                0x00000132       0x33 ./system/src/stm32f1xx/stm32f1xx_hal_rcc.o
 .ARM.attributes
                0x00000165       0x33 ./system/src/stm32f1xx/stm32f1xx_hal_rcc_ex.o
 .ARM.attributes
                0x00000198       0x33 ./system/src/stm32f1xx/stm32f1xx_hal_tim.o
 .ARM.attributes
                0x000001cb       0x33 ./system/src/stm32f1xx/stm32f1xx_hal_tim_ex.o
 .ARM.attributes
                0x000001fe       0x33 ./system/src/stm32f1xx/stm32f1xx_ll_usb.o
 .ARM.attributes
                0x00000231       0x33 ./system/src/newlib/_exit.o
 .ARM.attributes
                0x00000264       0x33 ./system/src/newlib/_sbrk.o
 .ARM.attributes
                0x00000297       0x33 ./system/src/newlib/_startup.o
 .ARM.attributes
                0x000002ca       0x33 ./system/src/newlib/_syscalls.o
 .ARM.attributes
                0x000002fd       0x33 ./system/src/diag/Trace.o
 .ARM.attributes
                0x00000330       0x33 ./system/src/diag/trace_impl.o
 .ARM.attributes
                0x00000363       0x33 ./system/src/cortexm/_initialize_hardware.o
 .ARM.attributes
                0x00000396       0x33 ./system/src/cortexm/exception_handlers.o
 .ARM.attributes
                0x000003c9       0x21 ./system/src/cmsis/startup_stm32f103xb.o
 .ARM.attributes
                0x000003ea       0x33 ./system/src/cmsis/system_stm32f1xx.o
 .ARM.attributes
                0x0000041d       0x33 ./src/main.o
 .ARM.attributes
                0x00000450       0x33 ./src/stm32f1xx_hal_msp.o
 .ARM.attributes
                0x00000483       0x33 ./src/stm32f1xx_it.o
 .ARM.attributes
                0x000004b6       0x33 ./src/usb_device.o
 .ARM.attributes
                0x000004e9       0x33 ./src/usbd_cdc_if.o
 .ARM.attributes
                0x0000051c       0x33 ./src/usbd_conf.o
 .ARM.attributes
                0x0000054f       0x33 ./src/usbd_desc.o
 .ARM.attributes
                0x00000582       0x33 ./Middlewares/ST/STM32_USB_Device_Library/Core/Src/usbd_core.o
 .ARM.attributes
                0x000005b5       0x33 ./Middlewares/ST/STM32_USB_Device_Library/Core/Src/usbd_ctlreq.o
 .ARM.attributes
                0x000005e8       0x33 ./Middlewares/ST/STM32_USB_Device_Library/Core/Src/usbd_ioreq.o
 .ARM.attributes
                0x0000061b       0x33 ./Middlewares/ST/STM32_USB_Device_Library/Class/CDC/Src/usbd_cdc.o
 .ARM.attributes
                0x0000064e       0x2d c:/stm32toolchain/gcc-arm/bin/../lib/gcc/arm-none-eabi/7.2.1/../../../../arm-none-eabi/lib/thumb/v7-m\libg_nano.a(lib_a-errno.o)
 .ARM.attributes
                0x0000067b       0x2d c:/stm32toolchain/gcc-arm/bin/../lib/gcc/arm-none-eabi/7.2.1/../../../../arm-none-eabi/lib/thumb/v7-m\libg_nano.a(lib_a-impure.o)
 .ARM.attributes
                0x000006a8       0x2d c:/stm32toolchain/gcc-arm/bin/../lib/gcc/arm-none-eabi/7.2.1/../../../../arm-none-eabi/lib/thumb/v7-m\libg_nano.a(lib_a-memcpy-stub.o)
 .ARM.attributes
                0x000006d5       0x2d c:/stm32toolchain/gcc-arm/bin/../lib/gcc/arm-none-eabi/7.2.1/../../../../arm-none-eabi/lib/thumb/v7-m\libg_nano.a(lib_a-vsnprintf.o)
 .ARM.attributes
                0x00000702       0x2d c:/stm32toolchain/gcc-arm/bin/../lib/gcc/arm-none-eabi/7.2.1/../../../../arm-none-eabi/lib/thumb/v7-m\libg_nano.a(lib_a-nano-svfprintf.o)
 .ARM.attributes
                0x0000072f       0x2d c:/stm32toolchain/gcc-arm/bin/../lib/gcc/arm-none-eabi/7.2.1/../../../../arm-none-eabi/lib/thumb/v7-m\libg_nano.a(lib_a-nano-vfprintf_i.o)
 .ARM.attributes
                0x0000075c       0x2d c:/stm32toolchain/gcc-arm/bin/../lib/gcc/arm-none-eabi/7.2.1/../../../../arm-none-eabi/lib/thumb/v7-m\libg_nano.a(lib_a-memchr-stub.o)
 .ARM.attributes
                0x00000789       0x2d c:/stm32toolchain/gcc-arm/bin/../lib/gcc/arm-none-eabi/7.2.1/../../../../arm-none-eabi/lib/thumb/v7-m\libg_nano.a(lib_a-memmove.o)
 .ARM.attributes
                0x000007b6       0x2d c:/stm32toolchain/gcc-arm/bin/../lib/gcc/arm-none-eabi/7.2.1/../../../../arm-none-eabi/lib/thumb/v7-m\libg_nano.a(lib_a-nano-freer.o)
 .ARM.attributes
                0x000007e3       0x2d c:/stm32toolchain/gcc-arm/bin/../lib/gcc/arm-none-eabi/7.2.1/../../../../arm-none-eabi/lib/thumb/v7-m\libg_nano.a(lib_a-nano-mallocr.o)
 .ARM.attributes
                0x00000810       0x2d c:/stm32toolchain/gcc-arm/bin/../lib/gcc/arm-none-eabi/7.2.1/../../../../arm-none-eabi/lib/thumb/v7-m\libg_nano.a(lib_a-nano-reallocr.o)
 .ARM.attributes
                0x0000083d       0x2d c:/stm32toolchain/gcc-arm/bin/../lib/gcc/arm-none-eabi/7.2.1/../../../../arm-none-eabi/lib/thumb/v7-m\libg_nano.a(lib_a-sbrkr.o)
 .ARM.attributes
                0x0000086a       0x2d c:/stm32toolchain/gcc-arm/bin/../lib/gcc/arm-none-eabi/7.2.1/../../../../arm-none-eabi/lib/thumb/v7-m\libg_nano.a(lib_a-mlock.o)
 .ARM.attributes
                0x00000897       0x2d c:/stm32toolchain/gcc-arm/bin/../lib/gcc/arm-none-eabi/7.2.1/../../../../arm-none-eabi/lib/thumb/v7-m\libg_nano.a(lib_a-nano-msizer.o)

.debug
 *(.debug)

.line
 *(.line)

.debug_srcinfo
 *(.debug_srcinfo)

.debug_sfnames
 *(.debug_sfnames)

.debug_aranges  0x00000000     0x1078
 *(.debug_aranges)
 .debug_aranges
                0x00000000       0xd0 ./system/src/stm32f1xx/stm32f1xx_hal.o
 .debug_aranges
                0x000000d0       0x90 ./system/src/stm32f1xx/stm32f1xx_hal_cortex.o
 .debug_aranges
                0x00000160       0x50 ./system/src/stm32f1xx/stm32f1xx_hal_crc.o
 .debug_aranges
                0x000001b0       0x58 ./system/src/stm32f1xx/stm32f1xx_hal_gpio.o
 .debug_aranges
                0x00000208      0x120 ./system/src/stm32f1xx/stm32f1xx_hal_pcd.o
 .debug_aranges
                0x00000328       0x28 ./system/src/stm32f1xx/stm32f1xx_hal_pcd_ex.o
 .debug_aranges
                0x00000350       0x90 ./system/src/stm32f1xx/stm32f1xx_hal_rcc.o
 .debug_aranges
                0x000003e0       0x30 ./system/src/stm32f1xx/stm32f1xx_hal_rcc_ex.o
 .debug_aranges
                0x00000410      0x368 ./system/src/stm32f1xx/stm32f1xx_hal_tim.o
 .debug_aranges
                0x00000778      0x138 ./system/src/stm32f1xx/stm32f1xx_hal_tim_ex.o
 .debug_aranges
                0x000008b0      0x100 ./system/src/stm32f1xx/stm32f1xx_ll_usb.o
 .debug_aranges
                0x000009b0       0x28 ./system/src/newlib/_exit.o
 .debug_aranges
                0x000009d8       0x20 ./system/src/newlib/_sbrk.o
 .debug_aranges
                0x000009f8       0x40 ./system/src/newlib/_startup.o
 .debug_aranges
                0x00000a38       0x30 ./system/src/newlib/_syscalls.o
 .debug_aranges
                0x00000a68       0x38 ./system/src/diag/Trace.o
 .debug_aranges
                0x00000aa0       0x30 ./system/src/diag/trace_impl.o
 .debug_aranges
                0x00000ad0       0x28 ./system/src/cortexm/_initialize_hardware.o
 .debug_aranges
                0x00000af8       0x90 ./system/src/cortexm/exception_handlers.o
 .debug_aranges
                0x00000b88       0x28 ./system/src/cmsis/startup_stm32f103xb.o
 .debug_aranges
                0x00000bb0       0x28 ./system/src/cmsis/system_stm32f1xx.o
 .debug_aranges
                0x00000bd8       0x48 ./src/main.o
 .debug_aranges
                0x00000c20       0x48 ./src/stm32f1xx_hal_msp.o
 .debug_aranges
                0x00000c68       0x30 ./src/stm32f1xx_it.o
 .debug_aranges
                0x00000c98       0x20 ./src/usb_device.o
 .debug_aranges
                0x00000cb8       0x40 ./src/usbd_cdc_if.o
 .debug_aranges
                0x00000cf8      0x110 ./src/usbd_conf.o
 .debug_aranges
                0x00000e08       0x50 ./src/usbd_desc.o
 .debug_aranges
                0x00000e58       0xb8 ./Middlewares/ST/STM32_USB_Device_Library/Core/Src/usbd_core.o
 .debug_aranges
                0x00000f10       0x88 ./Middlewares/ST/STM32_USB_Device_Library/Core/Src/usbd_ctlreq.o
 .debug_aranges
                0x00000f98       0x50 ./Middlewares/ST/STM32_USB_Device_Library/Core/Src/usbd_ioreq.o
 .debug_aranges
                0x00000fe8       0x90 ./Middlewares/ST/STM32_USB_Device_Library/Class/CDC/Src/usbd_cdc.o

.debug_pubnames
 *(.debug_pubnames)

.debug_info     0x00000000    0x20ff2
 *(.debug_info .gnu.linkonce.wi.*)
 .debug_info    0x00000000      0xf85 ./system/src/stm32f1xx/stm32f1xx_hal.o
 .debug_info    0x00000f85     0x1454 ./system/src/stm32f1xx/stm32f1xx_hal_cortex.o
 .debug_info    0x000023d9      0xbe9 ./system/src/stm32f1xx/stm32f1xx_hal_crc.o
 .debug_info    0x00002fc2      0xe5b ./system/src/stm32f1xx/stm32f1xx_hal_gpio.o
 .debug_info    0x00003e1d     0x19a6 ./system/src/stm32f1xx/stm32f1xx_hal_pcd.o
 .debug_info    0x000057c3      0xde1 ./system/src/stm32f1xx/stm32f1xx_hal_pcd_ex.o
 .debug_info    0x000065a4     0x11c3 ./system/src/stm32f1xx/stm32f1xx_hal_rcc.o
 .debug_info    0x00007767      0xc46 ./system/src/stm32f1xx/stm32f1xx_hal_rcc_ex.o
 .debug_info    0x000083ad     0x3634 ./system/src/stm32f1xx/stm32f1xx_hal_tim.o
 .debug_info    0x0000b9e1     0x1a7c ./system/src/stm32f1xx/stm32f1xx_hal_tim_ex.o
 .debug_info    0x0000d45d     0x1700 ./system/src/stm32f1xx/stm32f1xx_ll_usb.o
 .debug_info    0x0000eb5d      0x956 ./system/src/newlib/_exit.o
 .debug_info    0x0000f4b3      0x942 ./system/src/newlib/_sbrk.o
 .debug_info    0x0000fdf5      0x42e ./system/src/newlib/_startup.o
 .debug_info    0x00010223      0xa19 ./system/src/newlib/_syscalls.o
 .debug_info    0x00010c3c      0xb2a ./system/src/diag/Trace.o
 .debug_info    0x00011766      0x3b3 ./system/src/diag/trace_impl.o
 .debug_info    0x00011b19      0x2fa ./system/src/cortexm/_initialize_hardware.o
 .debug_info    0x00011e13     0x1185 ./system/src/cortexm/exception_handlers.o
 .debug_info    0x00012f98       0x22 ./system/src/cmsis/startup_stm32f103xb.o
 .debug_info    0x00012fba      0x3cb ./system/src/cmsis/system_stm32f1xx.o
 .debug_info    0x00013385     0x1db6 ./src/main.o
 .debug_info    0x0001513b     0x13fa ./src/stm32f1xx_hal_msp.o
 .debug_info    0x00016535      0xdb8 ./src/stm32f1xx_it.o
 .debug_info    0x000172ed      0xe54 ./src/usb_device.o
 .debug_info    0x00018141     0x10a9 ./src/usbd_cdc_if.o
 .debug_info    0x000191ea     0x2046 ./src/usbd_conf.o
 .debug_info    0x0001b230      0xd56 ./src/usbd_desc.o
 .debug_info    0x0001bf86     0x14ab ./Middlewares/ST/STM32_USB_Device_Library/Core/Src/usbd_core.o
 .debug_info    0x0001d431     0x166a ./Middlewares/ST/STM32_USB_Device_Library/Core/Src/usbd_ctlreq.o
 .debug_info    0x0001ea9b      0xfd4 ./Middlewares/ST/STM32_USB_Device_Library/Core/Src/usbd_ioreq.o
 .debug_info    0x0001fa6f     0x1583 ./Middlewares/ST/STM32_USB_Device_Library/Class/CDC/Src/usbd_cdc.o

.debug_abbrev   0x00000000     0x4eaf
 *(.debug_abbrev)
 .debug_abbrev  0x00000000      0x2f4 ./system/src/stm32f1xx/stm32f1xx_hal.o
 .debug_abbrev  0x000002f4      0x3cd ./system/src/stm32f1xx/stm32f1xx_hal_cortex.o
 .debug_abbrev  0x000006c1      0x29f ./system/src/stm32f1xx/stm32f1xx_hal_crc.o
 .debug_abbrev  0x00000960      0x2a7 ./system/src/stm32f1xx/stm32f1xx_hal_gpio.o
 .debug_abbrev  0x00000c07      0x357 ./system/src/stm32f1xx/stm32f1xx_hal_pcd.o
 .debug_abbrev  0x00000f5e      0x232 ./system/src/stm32f1xx/stm32f1xx_hal_pcd_ex.o
 .debug_abbrev  0x00001190      0x335 ./system/src/stm32f1xx/stm32f1xx_hal_rcc.o
 .debug_abbrev  0x000014c5      0x2b4 ./system/src/stm32f1xx/stm32f1xx_hal_rcc_ex.o
 .debug_abbrev  0x00001779      0x2ef ./system/src/stm32f1xx/stm32f1xx_hal_tim.o
 .debug_abbrev  0x00001a68      0x2e0 ./system/src/stm32f1xx/stm32f1xx_hal_tim_ex.o
 .debug_abbrev  0x00001d48      0x2c3 ./system/src/stm32f1xx/stm32f1xx_ll_usb.o
 .debug_abbrev  0x0000200b      0x1f3 ./system/src/newlib/_exit.o
 .debug_abbrev  0x000021fe      0x1fc ./system/src/newlib/_sbrk.o
 .debug_abbrev  0x000023fa      0x1b3 ./system/src/newlib/_startup.o
 .debug_abbrev  0x000025ad      0x234 ./system/src/newlib/_syscalls.o
 .debug_abbrev  0x000027e1      0x276 ./system/src/diag/Trace.o
 .debug_abbrev  0x00002a57      0x1e2 ./system/src/diag/trace_impl.o
 .debug_abbrev  0x00002c39       0xea ./system/src/cortexm/_initialize_hardware.o
 .debug_abbrev  0x00002d23      0x32b ./system/src/cortexm/exception_handlers.o
 .debug_abbrev  0x0000304e       0x12 ./system/src/cmsis/startup_stm32f103xb.o
 .debug_abbrev  0x00003060      0x134 ./system/src/cmsis/system_stm32f1xx.o
 .debug_abbrev  0x00003194      0x2f6 ./src/main.o
 .debug_abbrev  0x0000348a      0x27d ./src/stm32f1xx_hal_msp.o
 .debug_abbrev  0x00003707      0x22d ./src/stm32f1xx_it.o
 .debug_abbrev  0x00003934      0x218 ./src/usb_device.o
 .debug_abbrev  0x00003b4c      0x2c9 ./src/usbd_cdc_if.o
 .debug_abbrev  0x00003e15      0x31c ./src/usbd_conf.o
 .debug_abbrev  0x00004131      0x277 ./src/usbd_desc.o
 .debug_abbrev  0x000043a8      0x2ac ./Middlewares/ST/STM32_USB_Device_Library/Core/Src/usbd_core.o
 .debug_abbrev  0x00004654      0x329 ./Middlewares/ST/STM32_USB_Device_Library/Core/Src/usbd_ctlreq.o
 .debug_abbrev  0x0000497d      0x215 ./Middlewares/ST/STM32_USB_Device_Library/Core/Src/usbd_ioreq.o
 .debug_abbrev  0x00004b92      0x31d ./Middlewares/ST/STM32_USB_Device_Library/Class/CDC/Src/usbd_cdc.o

.debug_line     0x00000000     0xcde4
 *(.debug_line)
 .debug_line    0x00000000      0x70c ./system/src/stm32f1xx/stm32f1xx_hal.o
 .debug_line    0x0000070c      0x724 ./system/src/stm32f1xx/stm32f1xx_hal_cortex.o
 .debug_line    0x00000e30      0x654 ./system/src/stm32f1xx/stm32f1xx_hal_crc.o
 .debug_line    0x00001484      0x709 ./system/src/stm32f1xx/stm32f1xx_hal_gpio.o
 .debug_line    0x00001b8d      0xa39 ./system/src/stm32f1xx/stm32f1xx_hal_pcd.o
 .debug_line    0x000025c6      0x588 ./system/src/stm32f1xx/stm32f1xx_hal_pcd_ex.o
 .debug_line    0x00002b4e      0x823 ./system/src/stm32f1xx/stm32f1xx_hal_rcc.o
 .debug_line    0x00003371      0x612 ./system/src/stm32f1xx/stm32f1xx_hal_rcc_ex.o
 .debug_line    0x00003983     0x1521 ./system/src/stm32f1xx/stm32f1xx_hal_tim.o
 .debug_line    0x00004ea4      0xadb ./system/src/stm32f1xx/stm32f1xx_hal_tim_ex.o
 .debug_line    0x0000597f      0x983 ./system/src/stm32f1xx/stm32f1xx_ll_usb.o
 .debug_line    0x00006302      0x2df ./system/src/newlib/_exit.o
 .debug_line    0x000065e1      0x293 ./system/src/newlib/_sbrk.o
 .debug_line    0x00006874      0x34d ./system/src/newlib/_startup.o
 .debug_line    0x00006bc1      0x38d ./system/src/newlib/_syscalls.o
 .debug_line    0x00006f4e      0x35b ./system/src/diag/Trace.o
 .debug_line    0x000072a9      0x3fc ./system/src/diag/trace_impl.o
 .debug_line    0x000076a5      0x18c ./system/src/cortexm/_initialize_hardware.o
 .debug_line    0x00007831      0x4be ./system/src/cortexm/exception_handlers.o
 .debug_line    0x00007cef       0x86 ./system/src/cmsis/startup_stm32f103xb.o
 .debug_line    0x00007d75      0x19f ./system/src/cmsis/system_stm32f1xx.o
 .debug_line    0x00007f14      0x6b0 ./src/main.o
 .debug_line    0x000085c4      0x5d4 ./src/stm32f1xx_hal_msp.o
 .debug_line    0x00008b98      0x588 ./src/stm32f1xx_it.o
 .debug_line    0x00009120      0x6a0 ./src/usb_device.o
 .debug_line    0x000097c0      0x6d2 ./src/usbd_cdc_if.o
 .debug_line    0x00009e92      0x911 ./src/usbd_conf.o
 .debug_line    0x0000a7a3      0x6b1 ./src/usbd_desc.o
 .debug_line    0x0000ae54      0x845 ./Middlewares/ST/STM32_USB_Device_Library/Core/Src/usbd_core.o
 .debug_line    0x0000b699      0x863 ./Middlewares/ST/STM32_USB_Device_Library/Core/Src/usbd_ctlreq.o
 .debug_line    0x0000befc      0x6c8 ./Middlewares/ST/STM32_USB_Device_Library/Core/Src/usbd_ioreq.o
 .debug_line    0x0000c5c4      0x820 ./Middlewares/ST/STM32_USB_Device_Library/Class/CDC/Src/usbd_cdc.o

.debug_frame    0x00000000     0x2ae0
 *(.debug_frame)
 .debug_frame   0x00000000      0x1ac ./system/src/stm32f1xx/stm32f1xx_hal.o
 .debug_frame   0x000001ac      0x12c ./system/src/stm32f1xx/stm32f1xx_hal_cortex.o
 .debug_frame   0x000002d8       0xb0 ./system/src/stm32f1xx/stm32f1xx_hal_crc.o
 .debug_frame   0x00000388       0xd4 ./system/src/stm32f1xx/stm32f1xx_hal_gpio.o
 .debug_frame   0x0000045c      0x300 ./system/src/stm32f1xx/stm32f1xx_hal_pcd.o
 .debug_frame   0x0000075c       0x30 ./system/src/stm32f1xx/stm32f1xx_hal_pcd_ex.o
 .debug_frame   0x0000078c      0x174 ./system/src/stm32f1xx/stm32f1xx_hal_rcc.o
 .debug_frame   0x00000900       0x6c ./system/src/stm32f1xx/stm32f1xx_hal_rcc_ex.o
 .debug_frame   0x0000096c      0x9e0 ./system/src/stm32f1xx/stm32f1xx_hal_tim.o
 .debug_frame   0x0000134c      0x374 ./system/src/stm32f1xx/stm32f1xx_hal_tim_ex.o
 .debug_frame   0x000016c0      0x23c ./system/src/stm32f1xx/stm32f1xx_ll_usb.o
 .debug_frame   0x000018fc       0x38 ./system/src/newlib/_exit.o
 .debug_frame   0x00001934       0x28 ./system/src/newlib/_sbrk.o
 .debug_frame   0x0000195c       0x7c ./system/src/newlib/_startup.o
 .debug_frame   0x000019d8       0x50 ./system/src/newlib/_syscalls.o
 .debug_frame   0x00001a28       0x94 ./system/src/diag/Trace.o
 .debug_frame   0x00001abc       0x64 ./system/src/diag/trace_impl.o
 .debug_frame   0x00001b20       0x40 ./system/src/cortexm/_initialize_hardware.o
 .debug_frame   0x00001b60      0x158 ./system/src/cortexm/exception_handlers.o
 .debug_frame   0x00001cb8       0x30 ./system/src/cmsis/system_stm32f1xx.o
 .debug_frame   0x00001ce8       0xb4 ./src/main.o
 .debug_frame   0x00001d9c       0x9c ./src/stm32f1xx_hal_msp.o
 .debug_frame   0x00001e38       0x58 ./src/stm32f1xx_it.o
 .debug_frame   0x00001e90       0x28 ./src/usb_device.o
 .debug_frame   0x00001eb8       0x78 ./src/usbd_cdc_if.o
 .debug_frame   0x00001f30      0x2dc ./src/usbd_conf.o
 .debug_frame   0x0000220c       0xa8 ./src/usbd_desc.o
 .debug_frame   0x000022b4      0x1bc ./Middlewares/ST/STM32_USB_Device_Library/Core/Src/usbd_core.o
 .debug_frame   0x00002470      0x17c ./Middlewares/ST/STM32_USB_Device_Library/Core/Src/usbd_ctlreq.o
 .debug_frame   0x000025ec       0xb8 ./Middlewares/ST/STM32_USB_Device_Library/Core/Src/usbd_ioreq.o
 .debug_frame   0x000026a4      0x14c ./Middlewares/ST/STM32_USB_Device_Library/Class/CDC/Src/usbd_cdc.o
 .debug_frame   0x000027f0       0x20 c:/stm32toolchain/gcc-arm/bin/../lib/gcc/arm-none-eabi/7.2.1/../../../../arm-none-eabi/lib/thumb/v7-m\libg_nano.a(lib_a-errno.o)
 .debug_frame   0x00002810       0x28 c:/stm32toolchain/gcc-arm/bin/../lib/gcc/arm-none-eabi/7.2.1/../../../../arm-none-eabi/lib/thumb/v7-m\libg_nano.a(lib_a-memcpy-stub.o)
 .debug_frame   0x00002838       0x4c c:/stm32toolchain/gcc-arm/bin/../lib/gcc/arm-none-eabi/7.2.1/../../../../arm-none-eabi/lib/thumb/v7-m\libg_nano.a(lib_a-vsnprintf.o)
 .debug_frame   0x00002884       0x90 c:/stm32toolchain/gcc-arm/bin/../lib/gcc/arm-none-eabi/7.2.1/../../../../arm-none-eabi/lib/thumb/v7-m\libg_nano.a(lib_a-nano-svfprintf.o)
 .debug_frame   0x00002914       0x60 c:/stm32toolchain/gcc-arm/bin/../lib/gcc/arm-none-eabi/7.2.1/../../../../arm-none-eabi/lib/thumb/v7-m\libg_nano.a(lib_a-nano-vfprintf_i.o)
 .debug_frame   0x00002974       0x28 c:/stm32toolchain/gcc-arm/bin/../lib/gcc/arm-none-eabi/7.2.1/../../../../arm-none-eabi/lib/thumb/v7-m\libg_nano.a(lib_a-memchr-stub.o)
 .debug_frame   0x0000299c       0x28 c:/stm32toolchain/gcc-arm/bin/../lib/gcc/arm-none-eabi/7.2.1/../../../../arm-none-eabi/lib/thumb/v7-m\libg_nano.a(lib_a-memmove.o)
 .debug_frame   0x000029c4       0x38 c:/stm32toolchain/gcc-arm/bin/../lib/gcc/arm-none-eabi/7.2.1/../../../../arm-none-eabi/lib/thumb/v7-m\libg_nano.a(lib_a-nano-freer.o)
 .debug_frame   0x000029fc       0x2c c:/stm32toolchain/gcc-arm/bin/../lib/gcc/arm-none-eabi/7.2.1/../../../../arm-none-eabi/lib/thumb/v7-m\libg_nano.a(lib_a-nano-mallocr.o)
 .debug_frame   0x00002a28       0x3c c:/stm32toolchain/gcc-arm/bin/../lib/gcc/arm-none-eabi/7.2.1/../../../../arm-none-eabi/lib/thumb/v7-m\libg_nano.a(lib_a-nano-reallocr.o)
 .debug_frame   0x00002a64       0x2c c:/stm32toolchain/gcc-arm/bin/../lib/gcc/arm-none-eabi/7.2.1/../../../../arm-none-eabi/lib/thumb/v7-m\libg_nano.a(lib_a-sbrkr.o)
 .debug_frame   0x00002a90       0x30 c:/stm32toolchain/gcc-arm/bin/../lib/gcc/arm-none-eabi/7.2.1/../../../../arm-none-eabi/lib/thumb/v7-m\libg_nano.a(lib_a-mlock.o)
 .debug_frame   0x00002ac0       0x20 c:/stm32toolchain/gcc-arm/bin/../lib/gcc/arm-none-eabi/7.2.1/../../../../arm-none-eabi/lib/thumb/v7-m\libg_nano.a(lib_a-nano-msizer.o)

.debug_str      0x00000000    0x76f95
 *(.debug_str)
 .debug_str     0x00000000    0x6fb81 ./system/src/stm32f1xx/stm32f1xx_hal.o
                              0x6ffe6 (size before relaxing)
 .debug_str     0x0006fb81      0x2d5 ./system/src/stm32f1xx/stm32f1xx_hal_cortex.o
                              0x6ff3b (size before relaxing)
 .debug_str     0x0006fe56      0x192 ./system/src/stm32f1xx/stm32f1xx_hal_crc.o
                              0x6fa16 (size before relaxing)
 .debug_str     0x0006ffe8      0x38c ./system/src/stm32f1xx/stm32f1xx_hal_gpio.o
                              0x6fc77 (size before relaxing)
 .debug_str     0x00070374      0x7c5 ./system/src/stm32f1xx/stm32f1xx_hal_pcd.o
                              0x700e5 (size before relaxing)
 .debug_str     0x00070b39       0x4b ./system/src/stm32f1xx/stm32f1xx_hal_pcd_ex.o
                              0x6fbc2 (size before relaxing)
 .debug_str     0x00070b84      0x35c ./system/src/stm32f1xx/stm32f1xx_hal_rcc.o
                              0x6fccc (size before relaxing)
 .debug_str     0x00070ee0      0x11f ./system/src/stm32f1xx/stm32f1xx_hal_rcc_ex.o
                              0x6fa63 (size before relaxing)
 .debug_str     0x00070fff     0x1093 ./system/src/stm32f1xx/stm32f1xx_hal_tim.o
                              0x709cc (size before relaxing)
 .debug_str     0x00072092      0x4e5 ./system/src/stm32f1xx/stm32f1xx_hal_tim_ex.o
                              0x7026e (size before relaxing)
 .debug_str     0x00072577      0x149 ./system/src/stm32f1xx/stm32f1xx_ll_usb.o
                              0x6fd95 (size before relaxing)
 .debug_str     0x000726c0     0x10fa ./system/src/newlib/_exit.o
                               0x7e9d (size before relaxing)
 .debug_str     0x000737ba      0x4f5 ./system/src/newlib/_sbrk.o
                               0x724f (size before relaxing)
 .debug_str     0x00073caf      0x260 ./system/src/newlib/_startup.o
                               0x698a (size before relaxing)
 .debug_str     0x00073f0f      0xe8b ./system/src/newlib/_syscalls.o
                               0x812a (size before relaxing)
 .debug_str     0x00074d9a      0x183 ./system/src/diag/Trace.o
                               0x8615 (size before relaxing)
 .debug_str     0x00074f1d      0x36d ./system/src/diag/trace_impl.o
                              0x59827 (size before relaxing)
 .debug_str     0x0007528a       0x5e ./system/src/cortexm/_initialize_hardware.o
                              0x55610 (size before relaxing)
 .debug_str     0x000752e8      0x19d ./system/src/cortexm/exception_handlers.o
                              0x5aa44 (size before relaxing)
 .debug_str     0x00075485       0x39 ./system/src/cmsis/startup_stm32f103xb.o
                                 0x64 (size before relaxing)
 .debug_str     0x000754be       0x7b ./system/src/cmsis/system_stm32f1xx.o
                              0x55656 (size before relaxing)
 .debug_str     0x00075539      0xc37 ./src/main.o
                              0x7124c (size before relaxing)
 .debug_str     0x00076170       0x25 ./src/stm32f1xx_hal_msp.o
                              0x700f3 (size before relaxing)
 .debug_str     0x00076195       0x49 ./src/stm32f1xx_it.o
                              0x6fbd2 (size before relaxing)
 .debug_str     0x000761de      0x3a7 ./src/usb_device.o
                              0x7098e (size before relaxing)
 .debug_str     0x00076585      0x1a6 ./src/usbd_cdc_if.o
                              0x70ac5 (size before relaxing)
 .debug_str     0x0007672b      0x22b ./src/usbd_conf.o
                              0x71465 (size before relaxing)
 .debug_str     0x00076956      0x230 ./src/usbd_desc.o
                              0x705ef (size before relaxing)
 .debug_str     0x00076b86      0x141 ./Middlewares/ST/STM32_USB_Device_Library/Core/Src/usbd_core.o
                              0x7090f (size before relaxing)
 .debug_str     0x00076cc7       0xe5 ./Middlewares/ST/STM32_USB_Device_Library/Core/Src/usbd_ctlreq.o
                              0x70829 (size before relaxing)
 .debug_str     0x00076dac       0x63 ./Middlewares/ST/STM32_USB_Device_Library/Core/Src/usbd_ioreq.o
                              0x70756 (size before relaxing)
 .debug_str     0x00076e0f      0x186 ./Middlewares/ST/STM32_USB_Device_Library/Class/CDC/Src/usbd_cdc.o
                              0x70c4e (size before relaxing)

.debug_loc      0x00000000     0xa224
 *(.debug_loc)
 .debug_loc     0x00000000       0xfd ./system/src/stm32f1xx/stm32f1xx_hal.o
 .debug_loc     0x000000fd      0x5ad ./system/src/stm32f1xx/stm32f1xx_hal_cortex.o
 .debug_loc     0x000006aa      0x16f ./system/src/stm32f1xx/stm32f1xx_hal_crc.o
 .debug_loc     0x00000819      0x44e ./system/src/stm32f1xx/stm32f1xx_hal_gpio.o
 .debug_loc     0x00000c67      0xa6c ./system/src/stm32f1xx/stm32f1xx_hal_pcd.o
 .debug_loc     0x000016d3       0xf4 ./system/src/stm32f1xx/stm32f1xx_hal_pcd_ex.o
 .debug_loc     0x000017c7      0x502 ./system/src/stm32f1xx/stm32f1xx_hal_rcc.o
 .debug_loc     0x00001cc9      0x2d0 ./system/src/stm32f1xx/stm32f1xx_hal_rcc_ex.o
 .debug_loc     0x00001f99     0x367a ./system/src/stm32f1xx/stm32f1xx_hal_tim.o
 .debug_loc     0x00005613      0xf9e ./system/src/stm32f1xx/stm32f1xx_hal_tim_ex.o
 .debug_loc     0x000065b1      0xc0d ./system/src/stm32f1xx/stm32f1xx_ll_usb.o
 .debug_loc     0x000071be       0x85 ./system/src/newlib/_sbrk.o
 .debug_loc     0x00007243      0x1a9 ./system/src/newlib/_startup.o
 .debug_loc     0x000073ec       0x63 ./system/src/newlib/_syscalls.o
 .debug_loc     0x0000744f       0xf6 ./system/src/diag/Trace.o
 .debug_loc     0x00007545      0x121 ./system/src/diag/trace_impl.o
 .debug_loc     0x00007666      0x291 ./system/src/cortexm/exception_handlers.o
 .debug_loc     0x000078f7       0xdf ./system/src/cmsis/system_stm32f1xx.o
 .debug_loc     0x000079d6       0x21 ./src/stm32f1xx_hal_msp.o
 .debug_loc     0x000079f7      0x113 ./src/usbd_cdc_if.o
 .debug_loc     0x00007b0a      0xb53 ./src/usbd_conf.o
 .debug_loc     0x0000865d      0x2b7 ./src/usbd_desc.o
 .debug_loc     0x00008914      0x6f8 ./Middlewares/ST/STM32_USB_Device_Library/Core/Src/usbd_core.o
 .debug_loc     0x0000900c      0xb38 ./Middlewares/ST/STM32_USB_Device_Library/Core/Src/usbd_ctlreq.o
 .debug_loc     0x00009b44      0x23c ./Middlewares/ST/STM32_USB_Device_Library/Core/Src/usbd_ioreq.o
 .debug_loc     0x00009d80      0x4a4 ./Middlewares/ST/STM32_USB_Device_Library/Class/CDC/Src/usbd_cdc.o

.debug_macinfo
 *(.debug_macinfo)

.debug_weaknames
 *(.debug_weaknames)

.debug_funcnames
 *(.debug_funcnames)

.debug_typenames
 *(.debug_typenames)

.debug_varnames
 *(.debug_varnames)
OUTPUT(USB_LED_DRIVER.elf elf32-littlearm)

.debug_ranges   0x00000000     0x10b0
 .debug_ranges  0x00000000       0xc0 ./system/src/stm32f1xx/stm32f1xx_hal.o
 .debug_ranges  0x000000c0       0xe0 ./system/src/stm32f1xx/stm32f1xx_hal_cortex.o
 .debug_ranges  0x000001a0       0x40 ./system/src/stm32f1xx/stm32f1xx_hal_crc.o
 .debug_ranges  0x000001e0       0x48 ./system/src/stm32f1xx/stm32f1xx_hal_gpio.o
 .debug_ranges  0x00000228      0x140 ./system/src/stm32f1xx/stm32f1xx_hal_pcd.o
 .debug_ranges  0x00000368       0x18 ./system/src/stm32f1xx/stm32f1xx_hal_pcd_ex.o
 .debug_ranges  0x00000380       0xa0 ./system/src/stm32f1xx/stm32f1xx_hal_rcc.o
 .debug_ranges  0x00000420       0x38 ./system/src/stm32f1xx/stm32f1xx_hal_rcc_ex.o
 .debug_ranges  0x00000458      0x358 ./system/src/stm32f1xx/stm32f1xx_hal_tim.o
 .debug_ranges  0x000007b0      0x128 ./system/src/stm32f1xx/stm32f1xx_hal_tim_ex.o
 .debug_ranges  0x000008d8      0x1e0 ./system/src/stm32f1xx/stm32f1xx_ll_usb.o
 .debug_ranges  0x00000ab8       0x18 ./system/src/newlib/_exit.o
 .debug_ranges  0x00000ad0       0x10 ./system/src/newlib/_sbrk.o
 .debug_ranges  0x00000ae0       0x78 ./system/src/newlib/_startup.o
 .debug_ranges  0x00000b58       0x20 ./system/src/newlib/_syscalls.o
 .debug_ranges  0x00000b78       0x28 ./system/src/diag/Trace.o
 .debug_ranges  0x00000ba0       0x50 ./system/src/diag/trace_impl.o
 .debug_ranges  0x00000bf0       0x18 ./system/src/cortexm/_initialize_hardware.o
 .debug_ranges  0x00000c08       0x80 ./system/src/cortexm/exception_handlers.o
 .debug_ranges  0x00000c88       0x20 ./system/src/cmsis/startup_stm32f103xb.o
 .debug_ranges  0x00000ca8       0x18 ./system/src/cmsis/system_stm32f1xx.o
 .debug_ranges  0x00000cc0       0x38 ./src/main.o
 .debug_ranges  0x00000cf8       0x38 ./src/stm32f1xx_hal_msp.o
 .debug_ranges  0x00000d30       0x20 ./src/stm32f1xx_it.o
 .debug_ranges  0x00000d50       0x10 ./src/usb_device.o
 .debug_ranges  0x00000d60       0x30 ./src/usbd_cdc_if.o
 .debug_ranges  0x00000d90      0x100 ./src/usbd_conf.o
 .debug_ranges  0x00000e90       0x40 ./src/usbd_desc.o
 .debug_ranges  0x00000ed0       0xa8 ./Middlewares/ST/STM32_USB_Device_Library/Core/Src/usbd_core.o
 .debug_ranges  0x00000f78       0x78 ./Middlewares/ST/STM32_USB_Device_Library/Core/Src/usbd_ctlreq.o
 .debug_ranges  0x00000ff0       0x40 ./Middlewares/ST/STM32_USB_Device_Library/Core/Src/usbd_ioreq.o
 .debug_ranges  0x00001030       0x80 ./Middlewares/ST/STM32_USB_Device_Library/Class/CDC/Src/usbd_cdc.o

.debug_macro    0x00000000    0x199bb
 .debug_macro   0x00000000      0x321 ./system/src/stm32f1xx/stm32f1xx_hal.o
 .debug_macro   0x00000321      0xa5a ./system/src/stm32f1xx/stm32f1xx_hal.o
 .debug_macro   0x00000d7b       0x82 ./system/src/stm32f1xx/stm32f1xx_hal.o
 .debug_macro   0x00000dfd      0x16f ./system/src/stm32f1xx/stm32f1xx_hal.o
 .debug_macro   0x00000f6c       0x2e ./system/src/stm32f1xx/stm32f1xx_hal.o
 .debug_macro   0x00000f9a       0x22 ./system/src/stm32f1xx/stm32f1xx_hal.o
 .debug_macro   0x00000fbc      0x34e ./system/src/stm32f1xx/stm32f1xx_hal.o
 .debug_macro   0x0000130a       0x34 ./system/src/stm32f1xx/stm32f1xx_hal.o
 .debug_macro   0x0000133e       0x34 ./system/src/stm32f1xx/stm32f1xx_hal.o
 .debug_macro   0x00001372      0xb8e ./system/src/stm32f1xx/stm32f1xx_hal.o
 .debug_macro   0x00001f00     0xe90a ./system/src/stm32f1xx/stm32f1xx_hal.o
 .debug_macro   0x0001080a       0x43 ./system/src/stm32f1xx/stm32f1xx_hal.o
 .debug_macro   0x0001084d       0x22 ./system/src/stm32f1xx/stm32f1xx_hal.o
 .debug_macro   0x0001086f       0x52 ./system/src/stm32f1xx/stm32f1xx_hal.o
 .debug_macro   0x000108c1       0x17 ./system/src/stm32f1xx/stm32f1xx_hal.o
 .debug_macro   0x000108d8       0x8d ./system/src/stm32f1xx/stm32f1xx_hal.o
 .debug_macro   0x00010965       0x35 ./system/src/stm32f1xx/stm32f1xx_hal.o
 .debug_macro   0x0001099a       0x9c ./system/src/stm32f1xx/stm32f1xx_hal.o
 .debug_macro   0x00010a36       0x16 ./system/src/stm32f1xx/stm32f1xx_hal.o
 .debug_macro   0x00010a4c       0x57 ./system/src/stm32f1xx/stm32f1xx_hal.o
 .debug_macro   0x00010aa3       0x97 ./system/src/stm32f1xx/stm32f1xx_hal.o
 .debug_macro   0x00010b3a      0x330 ./system/src/stm32f1xx/stm32f1xx_hal.o
 .debug_macro   0x00010e6a       0xfd ./system/src/stm32f1xx/stm32f1xx_hal.o
 .debug_macro   0x00010f67       0x10 ./system/src/stm32f1xx/stm32f1xx_hal.o
 .debug_macro   0x00010f77       0x58 ./system/src/stm32f1xx/stm32f1xx_hal.o
 .debug_macro   0x00010fcf       0x1f ./system/src/stm32f1xx/stm32f1xx_hal.o
 .debug_macro   0x00010fee       0x43 ./system/src/stm32f1xx/stm32f1xx_hal.o
 .debug_macro   0x00011031       0x20 ./system/src/stm32f1xx/stm32f1xx_hal.o
 .debug_macro   0x00011051      0x18e ./system/src/stm32f1xx/stm32f1xx_hal.o
 .debug_macro   0x000111df       0x10 ./system/src/stm32f1xx/stm32f1xx_hal.o
 .debug_macro   0x000111ef       0x6a ./system/src/stm32f1xx/stm32f1xx_hal.o
 .debug_macro   0x00011259       0x1c ./system/src/stm32f1xx/stm32f1xx_hal.o
 .debug_macro   0x00011275       0x52 ./system/src/stm32f1xx/stm32f1xx_hal.o
 .debug_macro   0x000112c7       0x40 ./system/src/stm32f1xx/stm32f1xx_hal.o
 .debug_macro   0x00011307       0x10 ./system/src/stm32f1xx/stm32f1xx_hal.o
 .debug_macro   0x00011317       0x40 ./system/src/stm32f1xx/stm32f1xx_hal.o
 .debug_macro   0x00011357       0xd7 ./system/src/stm32f1xx/stm32f1xx_hal.o
 .debug_macro   0x0001142e       0x1c ./system/src/stm32f1xx/stm32f1xx_hal.o
 .debug_macro   0x0001144a       0x3d ./system/src/stm32f1xx/stm32f1xx_hal.o
 .debug_macro   0x00011487       0x16 ./system/src/stm32f1xx/stm32f1xx_hal.o
 .debug_macro   0x0001149d      0x16f ./system/src/stm32f1xx/stm32f1xx_hal.o
 .debug_macro   0x0001160c       0x57 ./system/src/stm32f1xx/stm32f1xx_hal.o
 .debug_macro   0x00011663      0x5c2 ./system/src/stm32f1xx/stm32f1xx_hal.o
 .debug_macro   0x00011c25      0x28a ./system/src/stm32f1xx/stm32f1xx_hal.o
 .debug_macro   0x00011eaf      0x1cb ./system/src/stm32f1xx/stm32f1xx_hal.o
 .debug_macro   0x0001207a      0x11e ./system/src/stm32f1xx/stm32f1xx_hal.o
 .debug_macro   0x00012198      0x1b3 ./system/src/stm32f1xx/stm32f1xx_hal.o
 .debug_macro   0x0001234b       0x27 ./system/src/stm32f1xx/stm32f1xx_hal.o
 .debug_macro   0x00012372      0x1bc ./system/src/stm32f1xx/stm32f1xx_hal.o
 .debug_macro   0x0001252e       0x34 ./system/src/stm32f1xx/stm32f1xx_hal.o
 .debug_macro   0x00012562       0x3c ./system/src/stm32f1xx/stm32f1xx_hal.o
 .debug_macro   0x0001259e       0x57 ./system/src/stm32f1xx/stm32f1xx_hal.o
 .debug_macro   0x000125f5       0x22 ./system/src/stm32f1xx/stm32f1xx_hal.o
 .debug_macro   0x00012617       0x8c ./system/src/stm32f1xx/stm32f1xx_hal.o
 .debug_macro   0x000126a3      0x242 ./system/src/stm32f1xx/stm32f1xx_hal.o
 .debug_macro   0x000128e5      0x143 ./system/src/stm32f1xx/stm32f1xx_hal.o
 .debug_macro   0x00012a28      0x84c ./system/src/stm32f1xx/stm32f1xx_hal.o
 .debug_macro   0x00013274       0x1f ./system/src/stm32f1xx/stm32f1xx_hal.o
 .debug_macro   0x00013293       0x50 ./system/src/stm32f1xx/stm32f1xx_hal.o
 .debug_macro   0x000132e3      0x26c ./system/src/stm32f1xx/stm32f1xx_hal.o
 .debug_macro   0x0001354f       0x83 ./system/src/stm32f1xx/stm32f1xx_hal.o
 .debug_macro   0x000135d2      0x2fd ./system/src/stm32f1xx/stm32f1xx_hal_cortex.o
 .debug_macro   0x000138cf      0x2fd ./system/src/stm32f1xx/stm32f1xx_hal_crc.o
 .debug_macro   0x00013bcc      0x36d ./system/src/stm32f1xx/stm32f1xx_hal_gpio.o
 .debug_macro   0x00013f39      0x309 ./system/src/stm32f1xx/stm32f1xx_hal_pcd.o
 .debug_macro   0x00014242      0x2fd ./system/src/stm32f1xx/stm32f1xx_hal_pcd_ex.o
 .debug_macro   0x0001453f      0x30f ./system/src/stm32f1xx/stm32f1xx_hal_rcc.o
 .debug_macro   0x0001484e      0x2fd ./system/src/stm32f1xx/stm32f1xx_hal_rcc_ex.o
 .debug_macro   0x00014b4b      0x2fd ./system/src/stm32f1xx/stm32f1xx_hal_tim.o
 .debug_macro   0x00014e48      0x2fd ./system/src/stm32f1xx/stm32f1xx_hal_tim_ex.o
 .debug_macro   0x00015145      0x2fd ./system/src/stm32f1xx/stm32f1xx_ll_usb.o
 .debug_macro   0x00015442      0x1b4 ./system/src/newlib/_exit.o
 .debug_macro   0x000155f6      0x10e ./system/src/newlib/_exit.o
 .debug_macro   0x00015704       0x8d ./system/src/newlib/_exit.o
 .debug_macro   0x00015791       0x35 ./system/src/newlib/_exit.o
 .debug_macro   0x000157c6      0x169 ./system/src/newlib/_sbrk.o
 .debug_macro   0x0001592f      0x174 ./system/src/newlib/_sbrk.o
 .debug_macro   0x00015aa3       0x10 ./system/src/newlib/_sbrk.o
 .debug_macro   0x00015ab3      0x23b ./system/src/newlib/_sbrk.o
 .debug_macro   0x00015cee      0x173 ./system/src/newlib/_startup.o
 .debug_macro   0x00015e61      0x217 ./system/src/newlib/_syscalls.o
 .debug_macro   0x00016078       0x1c ./system/src/newlib/_syscalls.o
 .debug_macro   0x00016094       0x10 ./system/src/newlib/_syscalls.o
 .debug_macro   0x000160a4       0x10 ./system/src/newlib/_syscalls.o
 .debug_macro   0x000160b4       0x10 ./system/src/newlib/_syscalls.o
 .debug_macro   0x000160c4       0x35 ./system/src/newlib/_syscalls.o
 .debug_macro   0x000160f9      0x122 ./system/src/newlib/_syscalls.o
 .debug_macro   0x0001621b       0x88 ./system/src/newlib/_syscalls.o
 .debug_macro   0x000162a3       0x2b ./system/src/newlib/_syscalls.o
 .debug_macro   0x000162ce      0x118 ./system/src/newlib/_syscalls.o
 .debug_macro   0x000163e6      0x189 ./system/src/newlib/_syscalls.o
 .debug_macro   0x0001656f       0x16 ./system/src/newlib/_syscalls.o
 .debug_macro   0x00016585      0x1fb ./system/src/diag/Trace.o
 .debug_macro   0x00016780       0x4c ./system/src/diag/Trace.o
 .debug_macro   0x000167cc       0x16 ./system/src/diag/Trace.o
 .debug_macro   0x000167e2      0x1f9 ./system/src/diag/trace_impl.o
 .debug_macro   0x000169db       0x10 ./system/src/diag/trace_impl.o
 .debug_macro   0x000169eb       0xcf ./system/src/diag/trace_impl.o
 .debug_macro   0x00016aba       0xbe ./system/src/diag/trace_impl.o
 .debug_macro   0x00016b78       0x22 ./system/src/diag/trace_impl.o
 .debug_macro   0x00016b9a       0x8a ./system/src/cortexm/_initialize_hardware.o
 .debug_macro   0x00016c24      0x243 ./system/src/cortexm/exception_handlers.o
 .debug_macro   0x00016e67       0x3a ./system/src/cortexm/exception_handlers.o
 .debug_macro   0x00016ea1       0x10 ./system/src/cortexm/exception_handlers.o
 .debug_macro   0x00016eb1       0x92 ./system/src/cmsis/system_stm32f1xx.o
 .debug_macro   0x00016f43      0x38c ./src/main.o
 .debug_macro   0x000172cf       0x65 ./src/main.o
 .debug_macro   0x00017334      0x1c3 ./src/main.o
 .debug_macro   0x000174f7      0x2fd ./src/stm32f1xx_hal_msp.o
 .debug_macro   0x000177f4      0x307 ./src/stm32f1xx_it.o
 .debug_macro   0x00017afb      0x3db ./src/usb_device.o
 .debug_macro   0x00017ed6       0x83 ./src/usb_device.o
 .debug_macro   0x00017f59      0x3c5 ./src/usbd_cdc_if.o
 .debug_macro   0x0001831e       0x5d ./src/usbd_cdc_if.o
 .debug_macro   0x0001837b      0x3bd ./src/usbd_conf.o
 .debug_macro   0x00018738      0x3de ./src/usbd_desc.o
 .debug_macro   0x00018b16      0x3a4 ./Middlewares/ST/STM32_USB_Device_Library/Core/Src/usbd_core.o
 .debug_macro   0x00018eba      0x3a4 ./Middlewares/ST/STM32_USB_Device_Library/Core/Src/usbd_ctlreq.o
 .debug_macro   0x0001925e      0x3a0 ./Middlewares/ST/STM32_USB_Device_Library/Core/Src/usbd_ioreq.o
 .debug_macro   0x000195fe      0x3bd ./Middlewares/ST/STM32_USB_Device_Library/Class/CDC/Src/usbd_cdc.o